Archive member included to satisfy reference by file (symbol)

E:/CubeIDE/STM32CubeIDE_1.16.0/STM32CubeIDE/plugins/com.st.stm32cube.ide.mcu.externaltools.gnu-tools-for-stm32.12.3.rel1.win32_1.0.200.202406191623/tools/bin/../lib/gcc/arm-none-eabi/12.3.1/../../../../arm-none-eabi/lib/thumb/v6-m/nofp\libc_nano.a(libc_a-exit.o)
                              E:/CubeIDE/STM32CubeIDE_1.16.0/STM32CubeIDE/plugins/com.st.stm32cube.ide.mcu.externaltools.gnu-tools-for-stm32.12.3.rel1.win32_1.0.200.202406191623/tools/bin/../lib/gcc/arm-none-eabi/12.3.1/../../../../arm-none-eabi/lib/thumb/v6-m/nofp/crt0.o (exit)
E:/CubeIDE/STM32CubeIDE_1.16.0/STM32CubeIDE/plugins/com.st.stm32cube.ide.mcu.externaltools.gnu-tools-for-stm32.12.3.rel1.win32_1.0.200.202406191623/tools/bin/../lib/gcc/arm-none-eabi/12.3.1/../../../../arm-none-eabi/lib/thumb/v6-m/nofp\libc_nano.a(libc_a-findfp.o)
                              E:/CubeIDE/STM32CubeIDE_1.16.0/STM32CubeIDE/plugins/com.st.stm32cube.ide.mcu.externaltools.gnu-tools-for-stm32.12.3.rel1.win32_1.0.200.202406191623/tools/bin/../lib/gcc/arm-none-eabi/12.3.1/../../../../arm-none-eabi/lib/thumb/v6-m/nofp\libc_nano.a(libc_a-exit.o) (__stdio_exit_handler)
E:/CubeIDE/STM32CubeIDE_1.16.0/STM32CubeIDE/plugins/com.st.stm32cube.ide.mcu.externaltools.gnu-tools-for-stm32.12.3.rel1.win32_1.0.200.202406191623/tools/bin/../lib/gcc/arm-none-eabi/12.3.1/../../../../arm-none-eabi/lib/thumb/v6-m/nofp\libc_nano.a(libc_a-fwalk.o)
                              E:/CubeIDE/STM32CubeIDE_1.16.0/STM32CubeIDE/plugins/com.st.stm32cube.ide.mcu.externaltools.gnu-tools-for-stm32.12.3.rel1.win32_1.0.200.202406191623/tools/bin/../lib/gcc/arm-none-eabi/12.3.1/../../../../arm-none-eabi/lib/thumb/v6-m/nofp\libc_nano.a(libc_a-findfp.o) (_fwalk_sglue)
E:/CubeIDE/STM32CubeIDE_1.16.0/STM32CubeIDE/plugins/com.st.stm32cube.ide.mcu.externaltools.gnu-tools-for-stm32.12.3.rel1.win32_1.0.200.202406191623/tools/bin/../lib/gcc/arm-none-eabi/12.3.1/../../../../arm-none-eabi/lib/thumb/v6-m/nofp\libc_nano.a(libc_a-stdio.o)
                              E:/CubeIDE/STM32CubeIDE_1.16.0/STM32CubeIDE/plugins/com.st.stm32cube.ide.mcu.externaltools.gnu-tools-for-stm32.12.3.rel1.win32_1.0.200.202406191623/tools/bin/../lib/gcc/arm-none-eabi/12.3.1/../../../../arm-none-eabi/lib/thumb/v6-m/nofp\libc_nano.a(libc_a-findfp.o) (__sread)
E:/CubeIDE/STM32CubeIDE_1.16.0/STM32CubeIDE/plugins/com.st.stm32cube.ide.mcu.externaltools.gnu-tools-for-stm32.12.3.rel1.win32_1.0.200.202406191623/tools/bin/../lib/gcc/arm-none-eabi/12.3.1/../../../../arm-none-eabi/lib/thumb/v6-m/nofp\libc_nano.a(libc_a-memset.o)
                              E:/CubeIDE/STM32CubeIDE_1.16.0/STM32CubeIDE/plugins/com.st.stm32cube.ide.mcu.externaltools.gnu-tools-for-stm32.12.3.rel1.win32_1.0.200.202406191623/tools/bin/../lib/gcc/arm-none-eabi/12.3.1/../../../../arm-none-eabi/lib/thumb/v6-m/nofp/crt0.o (memset)
E:/CubeIDE/STM32CubeIDE_1.16.0/STM32CubeIDE/plugins/com.st.stm32cube.ide.mcu.externaltools.gnu-tools-for-stm32.12.3.rel1.win32_1.0.200.202406191623/tools/bin/../lib/gcc/arm-none-eabi/12.3.1/../../../../arm-none-eabi/lib/thumb/v6-m/nofp\libc_nano.a(libc_a-closer.o)
                              E:/CubeIDE/STM32CubeIDE_1.16.0/STM32CubeIDE/plugins/com.st.stm32cube.ide.mcu.externaltools.gnu-tools-for-stm32.12.3.rel1.win32_1.0.200.202406191623/tools/bin/../lib/gcc/arm-none-eabi/12.3.1/../../../../arm-none-eabi/lib/thumb/v6-m/nofp\libc_nano.a(libc_a-stdio.o) (_close_r)
E:/CubeIDE/STM32CubeIDE_1.16.0/STM32CubeIDE/plugins/com.st.stm32cube.ide.mcu.externaltools.gnu-tools-for-stm32.12.3.rel1.win32_1.0.200.202406191623/tools/bin/../lib/gcc/arm-none-eabi/12.3.1/../../../../arm-none-eabi/lib/thumb/v6-m/nofp\libc_nano.a(libc_a-reent.o)
                              E:/CubeIDE/STM32CubeIDE_1.16.0/STM32CubeIDE/plugins/com.st.stm32cube.ide.mcu.externaltools.gnu-tools-for-stm32.12.3.rel1.win32_1.0.200.202406191623/tools/bin/../lib/gcc/arm-none-eabi/12.3.1/../../../../arm-none-eabi/lib/thumb/v6-m/nofp\libc_nano.a(libc_a-closer.o) (errno)
E:/CubeIDE/STM32CubeIDE_1.16.0/STM32CubeIDE/plugins/com.st.stm32cube.ide.mcu.externaltools.gnu-tools-for-stm32.12.3.rel1.win32_1.0.200.202406191623/tools/bin/../lib/gcc/arm-none-eabi/12.3.1/../../../../arm-none-eabi/lib/thumb/v6-m/nofp\libc_nano.a(libc_a-impure.o)
                              E:/CubeIDE/STM32CubeIDE_1.16.0/STM32CubeIDE/plugins/com.st.stm32cube.ide.mcu.externaltools.gnu-tools-for-stm32.12.3.rel1.win32_1.0.200.202406191623/tools/bin/../lib/gcc/arm-none-eabi/12.3.1/../../../../arm-none-eabi/lib/thumb/v6-m/nofp\libc_nano.a(libc_a-reent.o) (_impure_ptr)
E:/CubeIDE/STM32CubeIDE_1.16.0/STM32CubeIDE/plugins/com.st.stm32cube.ide.mcu.externaltools.gnu-tools-for-stm32.12.3.rel1.win32_1.0.200.202406191623/tools/bin/../lib/gcc/arm-none-eabi/12.3.1/../../../../arm-none-eabi/lib/thumb/v6-m/nofp\libc_nano.a(libc_a-lseekr.o)
[...]
Memory Configuration

Name             Origin             Length             Attributes
RAM              0x20000000         0x00024000         xrw
FLASH            0x08000000         0x00020000         xr
*default*        0x00000000         0xffffffff

Linker script and memory map

LOAD E:/CubeIDE/STM32CubeIDE_1.16.0/STM32CubeIDE/plugins/com.st.stm32cube.ide.mcu.externaltools.gnu-tools-for-stm32.12.3.rel1.win32_1.0.200.202406191623/tools/bin/../lib/gcc/arm-none-eabi/12.3.1/thumb/v6-m/nofp/crti.o
LOAD E:/CubeIDE/STM32CubeIDE_1.16.0/STM32CubeIDE/plugins/com.st.stm32cube.ide.mcu.externaltools.gnu-tools-for-stm32.12.3.rel1.win32_1.0.200.202406191623/tools/bin/../lib/gcc/arm-none-eabi/12.3.1/thumb/v6-m/nofp/crtbegin.o
LOAD E:/CubeIDE/STM32CubeIDE_1.16.0/STM32CubeIDE/plugins/com.st.stm32cube.ide.mcu.externaltools.gnu-tools-for-stm32.12.3.rel1.win32_1.0.200.202406191623/tools/bin/../lib/gcc/arm-none-eabi/12.3.1/../../../../arm-none-eabi/lib/thumb/v6-m/nofp/crt0.o
LOAD ./Core/Src/can.o
LOAD ./Core/Src/encoder.o
LOAD ./Core/Src/main.o
LOAD ./Core/Src/motor_control.o
LOAD ./Core/Src/pid_controller.o
LOAD ./Core/Src/stm32g0xx_hal_msp.o
LOAD ./Core/Src/stm32g0xx_it.o
LOAD ./Core/Src/syscalls.o
LOAD ./Core/Src/sysmem.o
LOAD ./Core/Src/system_stm32g0xx.o
LOAD ./Core/Src/timers.o
LOAD ./Core/Startup/startup_stm32g0b1kbtx.o
LOAD ./Drivers/STM32G0xx_HAL_Driver/Src/stm32g0xx_hal.o
LOAD ./Drivers/STM32G0xx_HAL_Driver/Src/stm32g0xx_hal_adc.o
LOAD ./Drivers/STM32G0xx_HAL_Driver/Src/stm32g0xx_hal_adc_ex.o
LOAD ./Drivers/STM32G0xx_HAL_Driver/Src/stm32g0xx_hal_cortex.o
LOAD ./Drivers/STM32G0xx_HAL_Driver/Src/stm32g0xx_hal_dma.o
LOAD ./Drivers/STM32G0xx_HAL_Driver/Src/stm32g0xx_hal_dma_ex.o
LOAD ./Drivers/STM32G0xx_HAL_Driver/Src/stm32g0xx_hal_exti.o
LOAD ./Drivers/STM32G0xx_HAL_Driver/Src/stm32g0xx_hal_fdcan.o
LOAD ./Drivers/STM32G0xx_HAL_Driver/Src/stm32g0xx_hal_flash.o
LOAD ./Drivers/STM32G0xx_HAL_Driver/Src/stm32g0xx_hal_flash_ex.o
LOAD ./Drivers/STM32G0xx_HAL_Driver/Src/stm32g0xx_hal_gpio.o
LOAD ./Drivers/STM32G0xx_HAL_Driver/Src/stm32g0xx_hal_pwr.o
LOAD ./Drivers/STM32G0xx_HAL_Driver/Src/stm32g0xx_hal_pwr_ex.o
LOAD ./Drivers/STM32G0xx_HAL_Driver/Src/stm32g0xx_hal_rcc.o
LOAD ./Drivers/STM32G0xx_HAL_Driver/Src/stm32g0xx_hal_rcc_ex.o
LOAD ./Drivers/STM32G0xx_HAL_Driver/Src/stm32g0xx_hal_spi.o
LOAD ./Drivers/STM32G0xx_HAL_Driver/Src/stm32g0xx_hal_spi_ex.o
LOAD ./Drivers/STM32G0xx_HAL_Driver/Src/stm32g0xx_hal_tim.o
LOAD ./Drivers/STM32G0xx_HAL_Driver/Src/stm32g0xx_hal_tim_ex.o
LOAD ./Drivers/STM32G0xx_HAL_Driver/Src/stm32g0xx_ll_adc.o
LOAD ./Drivers/STM32G0xx_HAL_Driver/Src/stm32g0xx_ll_rcc.o
START GROUP
LOAD E:/CubeIDE/STM32CubeIDE_1.16.0/STM32CubeIDE/plugins/com.st.stm32cube.ide.mcu.externaltools.gnu-tools-for-stm32.12.3.rel1.win32_1.0.200.202406191623/tools/bin/../lib/gcc/arm-none-eabi/12.3.1/../../../../arm-none-eabi/lib/thumb/v6-m/nofp\libc_nano.a
LOAD E:/CubeIDE/STM32CubeIDE_1.16.0/STM32CubeIDE/plugins/com.st.stm32cube.ide.mcu.externaltools.gnu-tools-for-stm32.12.3.rel1.win32_1.0.200.202406191623/tools/bin/../lib/gcc/arm-none-eabi/12.3.1/../../../../arm-none-eabi/lib/thumb/v6-m/nofp\libm.a
END GROUP
START GROUP
LOAD E:/CubeIDE/STM32CubeIDE_1.16.0/STM32CubeIDE/plugins/com.st.stm32cube.ide.mcu.externaltools.gnu-tools-for-stm32.12.3.rel1.win32_1.0.200.202406191623/tools/bin/../lib/gcc/arm-none-eabi/12.3.1/thumb/v6-m/nofp\libgcc.a
LOAD E:/CubeIDE/STM32CubeIDE_1.16.0/STM32CubeIDE/plugins/com.st.stm32cube.ide.mcu.externaltools.gnu-tools-for-stm32.12.3.rel1.win32_1.0.200.202406191623/tools/bin/../lib/gcc/arm-none-eabi/12.3.1/../../../../arm-none-eabi/lib/thumb/v6-m/nofp\libc_nano.a
END GROUP
START GROUP
LOAD E:/CubeIDE/STM32CubeIDE_1.16.0/STM32CubeIDE/plugins/com.st.stm32cube.ide.mcu.externaltools.gnu-tools-for-stm32.12.3.rel1.win32_1.0.200.202406191623/tools/bin/../lib/gcc/arm-none-eabi/12.3.1/thumb/v6-m/nofp\libgcc.a
LOAD E:/CubeIDE/STM32CubeIDE_1.16.0/STM32CubeIDE/plugins/com.st.stm32cube.ide.mcu.externaltools.gnu-tools-for-stm32.12.3.rel1.win32_1.0.200.202406191623/tools/bin/../lib/gcc/arm-none-eabi/12.3.1/../../../../arm-none-eabi/lib/thumb/v6-m/nofp\libc_nano.a
LOAD E:/CubeIDE/STM32CubeIDE_1.16.0/STM32CubeIDE/plugins/com.st.stm32cube.ide.mcu.externaltools.gnu-tools-for-stm32.12.3.rel1.win32_1.0.200.202406191623/tools/bin/../lib/gcc/arm-none-eabi/12.3.1/../../../../arm-none-eabi/lib/thumb/v6-m/nofp\libnosys.a
END GROUP
START GROUP
LOAD E:/CubeIDE/STM32CubeIDE_1.16.0/STM32CubeIDE/plugins/com.st.stm32cube.ide.mcu.externaltools.gnu-tools-for-stm32.12.3.rel1.win32_1.0.200.202406191623/tools/bin/../lib/gcc/arm-none-eabi/12.3.1/thumb/v6-m/nofp\libgcc.a
LOAD E:/CubeIDE/STM32CubeIDE_1.16.0/STM32CubeIDE/plugins/com.st.stm32cube.ide.mcu.externaltools.gnu-tools-for-stm32.12.3.rel1.win32_1.0.200.202406191623/tools/bin/../lib/gcc/arm-none-eabi/12.3.1/../../../../arm-none-eabi/lib/thumb/v6-m/nofp\libc_nano.a
LOAD E:/CubeIDE/STM32CubeIDE_1.16.0/STM32CubeIDE/plugins/com.st.stm32cube.ide.mcu.externaltools.gnu-tools-for-stm32.12.3.rel1.win32_1.0.200.202406191623/tools/bin/../lib/gcc/arm-none-eabi/12.3.1/../../../../arm-none-eabi/lib/thumb/v6-m/nofp\libnosys.a
END GROUP
LOAD E:/CubeIDE/STM32CubeIDE_1.16.0/STM32CubeIDE/plugins/com.st.stm32cube.ide.mcu.externaltools.gnu-tools-for-stm32.12.3.rel1.win32_1.0.200.202406191623/tools/bin/../lib/gcc/arm-none-eabi/12.3.1/thumb/v6-m/nofp/crtend.o
LOAD E:/CubeIDE/STM32CubeIDE_1.16.0/STM32CubeIDE/plugins/com.st.stm32cube.ide.mcu.externaltools.gnu-tools-for-stm32.12.3.rel1.win32_1.0.200.202406191623/tools/bin/../lib/gcc/arm-none-eabi/12.3.1/thumb/v6-m/nofp/crtn.o
                0x20024000                        _estack = (ORIGIN (RAM) + LENGTH (RAM))
                0x00000200                        _Min_Heap_Size = 0x200
                0x00000400                        _Min_Stack_Size = 0x400

.isr_vector     0x08000000       0xbc
                0x08000000                        . = ALIGN (0x4)
 *(.isr_vector)
 .isr_vector    0x08000000       0xbc ./Core/Startup/startup_stm32g0b1kbtx.o
                0x08000000                g_pfnVectors
                0x080000bc                        . = ALIGN (0x4)

.text           0x080000bc     0x6c00
                0x080000bc                        . = ALIGN (0x4)
 *(.text)
 .text          0x080000bc       0x48 E:/CubeIDE/STM32CubeIDE_1.16.0/STM32CubeIDE/plugins/com.st.stm32cube.ide.mcu.externaltools.gnu-tools-for-stm32.12.3.rel1.win32_1.0.200.202406191623/tools/bin/../lib/gcc/arm-none-eabi/12.3.1/thumb/v6-m/nofp/crtbegin.o
 .text          0x08000104      0x114 E:/CubeIDE/STM32CubeIDE_1.16.0/STM32CubeIDE/plugins/com.st.stm32cube.ide.mcu.externaltools.gnu-tools-for-stm32.12.3.rel1.win32_1.0.200.202406191623/tools/bin/../lib/gcc/arm-none-eabi/12.3.1/thumb/v6-m/nofp\libgcc.a(_udivsi3.o)
                0x08000104                __aeabi_uidiv
                0x08000104                __udivsi3
                0x08000210                __aeabi_uidivmod
 .text          0x08000218        0x4 E:/CubeIDE/STM32CubeIDE_1.16.0/STM32CubeIDE/plugins/com.st.stm32cube.ide.mcu.externaltools.gnu-tools-for-stm32.12.3.rel1.win32_1.0.200.202406191623/tools/bin/../lib/gcc/arm-none-eabi/12.3.1/thumb/v6-m/nofp\libgcc.a(_dvmd_tls.o)
                0x08000218                __aeabi_idiv0
                0x08000218                __aeabi_ldiv0
 .text          0x0800021c       0x74 E:/CubeIDE/STM32CubeIDE_1.16.0/STM32CubeIDE/plugins/com.st.stm32cube.ide.mcu.externaltools.gnu-tools-for-stm32.12.3.rel1.win32_1.0.200.202406191623/tools/bin/../lib/gcc/arm-none-eabi/12.3.1/thumb/v6-m/nofp\libgcc.a(_arm_cmpsf2.o)
                0x0800021c                __aeabi_cfrcmple
                0x08000224                __aeabi_cfcmpeq
                0x08000224                __aeabi_cfcmple
                0x08000234                __aeabi_fcmpeq
                0x08000240                __aeabi_fcmplt
                0x08000254                __aeabi_fcmple
                0x08000268                __aeabi_fcmpgt
                0x0800027c                __aeabi_fcmpge
 .text          0x08000290       0x30 E:/CubeIDE/STM32CubeIDE_1.16.0/STM32CubeIDE/plugins/com.st.stm32cube.ide.mcu.externaltools.gnu-tools-for-stm32.12.3.rel1.win32_1.0.200.202406191623/tools/bin/../lib/gcc/arm-none-eabi/12.3.1/thumb/v6-m/nofp\libgcc.a(_fixunssfsi.o)
                0x08000290                __fixunssfsi
                0x08000290                __aeabi_f2uiz
 .text          0x080002c0      0x314 E:/CubeIDE/STM32CubeIDE_1.16.0/STM32CubeIDE/plugins/com.st.stm32cube.ide.mcu.externaltools.gnu-tools-for-stm32.12.3.rel1.win32_1.0.200.202406191623/tools/bin/../lib/gcc/arm-none-eabi/12.3.1/thumb/v6-m/nofp\libgcc.a(addsf3.o)
                0x080002c0                __aeabi_fadd
 .text          0x080005d4      0x240 E:/CubeIDE/STM32CubeIDE_1.16.0/STM32CubeIDE/plugins/com.st.stm32cube.ide.mcu.externaltools.gnu-tools-for-stm32.12.3.rel1.win32_1.0.200.202406191623/tools/bin/../lib/gcc/arm-none-eabi/12.3.1/thumb/v6-m/nofp\libgcc.a(divsf3.o)
                0x080005d4                __aeabi_fdiv
 .text          0x08000814       0x50 E:/CubeIDE/STM32CubeIDE_1.16.0/STM32CubeIDE/plugins/com.st.stm32cube.ide.mcu.externaltools.gnu-tools-for-stm32.12.3.rel1.win32_1.0.200.202406191623/tools/bin/../lib/gcc/arm-none-eabi/12.3.1/thumb/v6-m/nofp\libgcc.a(eqsf2.o)
                0x08000814                __eqsf2
                0x08000814                __nesf2
 .text          0x08000864       0xa0 E:/CubeIDE/STM32CubeIDE_1.16.0/STM32CubeIDE/plugins/com.st.stm32cube.ide.mcu.externaltools.gnu-tools-for-stm32.12.3.rel1.win32_1.0.200.202406191623/tools/bin/../lib/gcc/arm-none-eabi/12.3.1/thumb/v6-m/nofp\libgcc.a(gesf2.o)
                0x08000864                __gesf2
                0x08000864                __gtsf2
 .text          0x08000904       0x9c E:/CubeIDE/STM32CubeIDE_1.16.0/STM32CubeIDE/plugins/com.st.stm32cube.ide.mcu.externaltools.gnu-tools-for-stm32.12.3.rel1.win32_1.0.200.202406191623/tools/bin/../lib/gcc/arm-none-eabi/12.3.1/thumb/v6-m/nofp\libgcc.a(lesf2.o)
                0x08000904                __ltsf2
                0x08000904                __lesf2
 .text          0x080009a0      0x27c E:/CubeIDE/STM32CubeIDE_1.16.0/STM32CubeIDE/plugins/com.st.stm32cube.ide.mcu.externaltools.gnu-tools-for-stm32.12.3.rel1.win32_1.0.200.202406191623/tools/bin/../lib/gcc/arm-none-eabi/12.3.1/thumb/v6-m/nofp\libgcc.a(mulsf3.o)
                0x080009a0                __aeabi_fmul
 .text          0x08000c1c      0x348 E:/CubeIDE/STM32CubeIDE_1.16.0/STM32CubeIDE/plugins/com.st.stm32cube.ide.mcu.externaltools.gnu-tools-for-stm32.12.3.rel1.win32_1.0.200.202406191623/tools/bin/../lib/gcc/arm-none-eabi/12.3.1/thumb/v6-m/nofp\libgcc.a(subsf3.o)
                0x08000c1c                __aeabi_fsub
 .text          0x08000f64       0x40 E:/CubeIDE/STM32CubeIDE_1.16.0/STM32CubeIDE/plugins/com.st.stm32cube.ide.mcu.externaltools.gnu-tools-for-stm32.12.3.rel1.win32_1.0.200.202406191623/tools/bin/../lib/gcc/arm-none-eabi/12.3.1/thumb/v6-m/nofp\libgcc.a(fixsfsi.o)
                0x08000f64                __aeabi_f2iz
 .text          0x08000fa4       0x84 E:/CubeIDE/STM32CubeIDE_1.16.0/STM32CubeIDE/plugins/com.st.stm32cube.ide.mcu.externaltools.gnu-tools-for-stm32.12.3.rel1.win32_1.0.200.202406191623/tools/bin/../lib/gcc/arm-none-eabi/12.3.1/thumb/v6-m/nofp\libgcc.a(floatunsisf.o)
                0x08000fa4                __aeabi_ui2f
 .text          0x08001028       0x3c E:/CubeIDE/STM32CubeIDE_1.16.0/STM32CubeIDE/plugins/com.st.stm32cube.ide.mcu.externaltools.gnu-tools-for-stm32.12.3.rel1.win32_1.0.200.202406191623/tools/bin/../lib/gcc/arm-none-eabi/12.3.1/thumb/v6-m/nofp\libgcc.a(_clzsi2.o)
                0x08001028                __clzsi2
 *(.text*)
 .text.CAN_INIT
                0x08001064       0xb8 ./Core/Src/can.o
                0x08001064                CAN_INIT
 .text.CAN_GetReceivedMessage
                0x0800111c       0x8c ./Core/Src/can.o
                0x0800111c                CAN_GetReceivedMessage
 .text.CAN_BytesToFloat
                0x080011a8       0x20 ./Core/Src/can.o
                0x080011a8                CAN_BytesToFloat
 .text.CAN_ProcessReceivedMessages
                0x080011c8       0x60 ./Core/Src/can.o
                0x080011c8                CAN_ProcessReceivedMessages
 .text.ConvertRawToDegrees
                0x08001228       0x3c ./Core/Src/encoder.o
                0x08001228                ConvertRawToDegrees
 .text.Read_MA730_Angle
                0x08001264       0x80 ./Core/Src/encoder.o
                0x08001264                Read_MA730_Angle
 .text.main     0x080012e4       0xdc ./Core/Src/main.o
                0x080012e4                main
 .text.SystemClock_Config
                0x080013c0       0xbc ./Core/Src/main.o
                0x080013c0                SystemClock_Config
 .text.MX_ADC1_Init
                0x0800147c       0xd8 ./Core/Src/main.o
 .text.MX_FDCAN2_Init
                0x08001554       0x90 ./Core/Src/main.o
 .text.MX_SPI1_Init
                0x080015e4       0x7c ./Core/Src/main.o
 .text.MX_TIM1_Init
                0x08001660       0xb8 ./Core/Src/main.o
 .text.MX_TIM2_Init
                0x08001718      0x11c ./Core/Src/main.o
 .text.MX_TIM14_Init
                0x08001834       0x4c ./Core/Src/main.o
 .text.MX_TIM16_Init
                0x08001880       0x50 ./Core/Src/main.o
 .text.MX_GPIO_Init
                0x080018d0       0xbc ./Core/Src/main.o
 .text.HAL_SPI_RxCpltCallback
                0x0800198c       0x60 ./Core/Src/main.o
                0x0800198c                HAL_SPI_RxCpltCallback
 .text.Error_Handler
                0x080019ec        0xa ./Core/Src/main.o
                0x080019ec                Error_Handler
 *fill*         0x080019f6        0x2 
 .text.Motor_Init
                0x080019f8       0x48 ./Core/Src/motor_control.o
                0x080019f8                Motor_Init
 .text.Motor_SetDrivingValue
                0x08001a40       0x88 ./Core/Src/motor_control.o
                0x08001a40                Motor_SetDrivingValue
 .text.Motor_Stop
                0x08001ac8       0x24 ./Core/Src/motor_control.o
                0x08001ac8                Motor_Stop
 .text.UpdatePWMOutputs
                0x08001aec       0x88 ./Core/Src/motor_control.o
 .text.PIDController_Init
                0x08001b74       0x2e ./Core/Src/pid_controller.o
                0x08001b74                PIDController_Init
 .text.PIDController_Update
                0x08001ba2      0x1d2 ./Core/Src/pid_controller.o
                0x08001ba2                PIDController_Update
 .text.HAL_MspInit
                0x08001d74       0x50 ./Core/Src/stm32g0xx_hal_msp.o
                0x08001d74                HAL_MspInit
 .text.HAL_ADC_MspInit
                0x08001dc4       0x88 ./Core/Src/stm32g0xx_hal_msp.o
                0x08001dc4                HAL_ADC_MspInit
 .text.HAL_FDCAN_MspInit
                0x08001e4c       0xf0 ./Core/Src/stm32g0xx_hal_msp.o
                0x08001e4c                HAL_FDCAN_MspInit
 .text.HAL_SPI_MspInit
                0x08001f3c       0xa4 ./Core/Src/stm32g0xx_hal_msp.o
                0x08001f3c                HAL_SPI_MspInit
 .text.HAL_TIM_Base_MspInit
                0x08001fe0       0xfc ./Core/Src/stm32g0xx_hal_msp.o
                0x08001fe0                HAL_TIM_Base_MspInit
 .text.HAL_TIM_MspPostInit
                0x080020dc       0x78 ./Core/Src/stm32g0xx_hal_msp.o
                0x080020dc                HAL_TIM_MspPostInit
 .text.NMI_Handler
                0x08002154        0x8 ./Core/Src/stm32g0xx_it.o
                0x08002154                NMI_Handler
 .text.HardFault_Handler
                0x0800215c        0x8 ./Core/Src/stm32g0xx_it.o
                0x0800215c                HardFault_Handler
 .text.SVC_Handler
                0x08002164        0xa ./Core/Src/stm32g0xx_it.o
                0x08002164                SVC_Handler
 .text.PendSV_Handler
                0x0800216e        0xa ./Core/Src/stm32g0xx_it.o
                0x0800216e                PendSV_Handler
 .text.SysTick_Handler
                0x08002178        0xe ./Core/Src/stm32g0xx_it.o
                0x08002178                SysTick_Handler
 *fill*         0x08002186        0x2 
 .text.TIM14_IRQHandler
                0x08002188       0x18 ./Core/Src/stm32g0xx_it.o
                0x08002188                TIM14_IRQHandler
 .text.SPI1_IRQHandler
                0x080021a0       0x18 ./Core/Src/stm32g0xx_it.o
                0x080021a0                SPI1_IRQHandler
 .text.SystemInit
                0x080021b8        0xa ./Core/Src/system_stm32g0xx.o
                0x080021b8                SystemInit
 *fill*         0x080021c2        0x2 
 .text.TIMERS_Init
                0x080021c4       0x24 ./Core/Src/timers.o
                0x080021c4                TIMERS_Init
 .text.WATCHDOG_Reset
                0x080021e8       0x18 ./Core/Src/timers.o
                0x080021e8                WATCHDOG_Reset
 .text.HAL_TIM_PeriodElapsedCallback
                0x08002200       0x2c ./Core/Src/timers.o
                0x08002200                HAL_TIM_PeriodElapsedCallback
 .text.Reset_Handler
                0x0800222c       0x50 ./Core/Startup/startup_stm32g0b1kbtx.o
                0x0800222c                Reset_Handler
 .text.Default_Handler
                0x0800227c        0x2 ./Core/Startup/startup_stm32g0b1kbtx.o
                0x0800227c                I2C2_3_IRQHandler
                0x0800227c                USART3_4_5_6_LPUART1_IRQHandler
                0x0800227c                TIM1_CC_IRQHandler
                0x0800227c                ADC1_COMP_IRQHandler
                0x0800227c                I2C1_IRQHandler
                0x0800227c                TIM7_LPTIM2_IRQHandler
                0x0800227c                TIM17_FDCAN_IT1_IRQHandler
                0x0800227c                DMA1_Ch4_7_DMA2_Ch1_5_DMAMUX1_OVR_IRQHandler
                0x0800227c                RCC_CRS_IRQHandler
                0x0800227c                RTC_TAMP_IRQHandler
                0x0800227c                USB_UCPD1_2_IRQHandler
                0x0800227c                EXTI2_3_IRQHandler
                0x0800227c                USART2_LPUART2_IRQHandler
                0x0800227c                PVD_VDDIO2_IRQHandler
                0x0800227c                EXTI4_15_IRQHandler
                0x0800227c                DMA1_Channel1_IRQHandler
                0x0800227c                Default_Handler
                0x0800227c                CEC_IRQHandler
                0x0800227c                TIM15_IRQHandler
                0x0800227c                TIM3_TIM4_IRQHandler
                0x0800227c                EXTI0_1_IRQHandler
                0x0800227c                SPI2_3_IRQHandler
                0x0800227c                TIM6_DAC_LPTIM1_IRQHandler
                0x0800227c                WWDG_IRQHandler
                0x0800227c                TIM2_IRQHandler
                0x0800227c                DMA1_Channel2_3_IRQHandler
                0x0800227c                FLASH_IRQHandler
                0x0800227c                USART1_IRQHandler
                0x0800227c                TIM16_FDCAN_IT0_IRQHandler
                0x0800227c                TIM1_BRK_UP_TRG_COM_IRQHandler
 *fill*         0x0800227e        0x2 
 .text.HAL_Init
                0x08002280       0x40 ./Drivers/STM32G0xx_HAL_Driver/Src/stm32g0xx_hal.o
                0x08002280                HAL_Init
 .text.HAL_InitTick
                0x080022c0       0x94 ./Drivers/STM32G0xx_HAL_Driver/Src/stm32g0xx_hal.o
                0x080022c0                HAL_InitTick
 .text.HAL_IncTick
                0x08002354       0x24 ./Drivers/STM32G0xx_HAL_Driver/Src/stm32g0xx_hal.o
                0x08002354                HAL_IncTick
 .text.HAL_GetTick
                0x08002378       0x14 ./Drivers/STM32G0xx_HAL_Driver/Src/stm32g0xx_hal.o
                0x08002378                HAL_GetTick
 .text.HAL_SYSCFG_StrobeDBattpinsConfig
                0x0800238c       0x2c ./Drivers/STM32G0xx_HAL_Driver/Src/stm32g0xx_hal.o
                0x0800238c                HAL_SYSCFG_StrobeDBattpinsConfig
 .text.LL_ADC_SetCommonPathInternalCh
                0x080023b8       0x28 ./Drivers/STM32G0xx_HAL_Driver/Src/stm32g0xx_hal_adc.o
 .text.LL_ADC_GetCommonPathInternalCh
                0x080023e0       0x1a ./Drivers/STM32G0xx_HAL_Driver/Src/stm32g0xx_hal_adc.o
 .text.LL_ADC_SetSamplingTimeCommonChannels
                0x080023fa       0x3a ./Drivers/STM32G0xx_HAL_Driver/Src/stm32g0xx_hal_adc.o
 .text.LL_ADC_GetSamplingTimeCommonChannels
                0x08002434       0x2e ./Drivers/STM32G0xx_HAL_Driver/Src/stm32g0xx_hal_adc.o
 .text.LL_ADC_REG_SetSequencerRanks
                0x08002462       0x40 ./Drivers/STM32G0xx_HAL_Driver/Src/stm32g0xx_hal_adc.o
 .text.LL_ADC_REG_SetSequencerChAdd
                0x080024a2       0x22 ./Drivers/STM32G0xx_HAL_Driver/Src/stm32g0xx_hal_adc.o
 .text.LL_ADC_REG_SetSequencerChRem
                0x080024c4       0x24 ./Drivers/STM32G0xx_HAL_Driver/Src/stm32g0xx_hal_adc.o
 .text.LL_ADC_SetChannelSamplingTime
                0x080024e8       0x38 ./Drivers/STM32G0xx_HAL_Driver/Src/stm32g0xx_hal_adc.o
 .text.LL_ADC_EnableInternalRegulator
                0x08002520       0x28 ./Drivers/STM32G0xx_HAL_Driver/Src/stm32g0xx_hal_adc.o
 .text.LL_ADC_IsInternalRegulatorEnabled
                0x08002548       0x28 ./Drivers/STM32G0xx_HAL_Driver/Src/stm32g0xx_hal_adc.o
 .text.LL_ADC_Enable
                0x08002570       0x24 ./Drivers/STM32G0xx_HAL_Driver/Src/stm32g0xx_hal_adc.o
 .text.LL_ADC_IsEnabled
                0x08002594       0x22 ./Drivers/STM32G0xx_HAL_Driver/Src/stm32g0xx_hal_adc.o
 *fill*         0x080025b6        0x2 
 .text.LL_ADC_REG_StartConversion
                0x080025b8       0x24 ./Drivers/STM32G0xx_HAL_Driver/Src/stm32g0xx_hal_adc.o
 .text.LL_ADC_REG_IsConversionOngoing
                0x080025dc       0x22 ./Drivers/STM32G0xx_HAL_Driver/Src/stm32g0xx_hal_adc.o
 *fill*         0x080025fe        0x2 
 .text.HAL_ADC_Init
                0x08002600      0x350 ./Drivers/STM32G0xx_HAL_Driver/Src/stm32g0xx_hal_adc.o
                0x08002600                HAL_ADC_Init
 .text.HAL_ADC_Start_IT
                0x08002950       0xf0 ./Drivers/STM32G0xx_HAL_Driver/Src/stm32g0xx_hal_adc.o
                0x08002950                HAL_ADC_Start_IT
 .text.HAL_ADC_ConfigChannel
                0x08002a40      0x3b0 ./Drivers/STM32G0xx_HAL_Driver/Src/stm32g0xx_hal_adc.o
                0x08002a40                HAL_ADC_ConfigChannel
 .text.ADC_Enable
                0x08002df0      0x10c ./Drivers/STM32G0xx_HAL_Driver/Src/stm32g0xx_hal_adc.o
                0x08002df0                ADC_Enable
 .text.__NVIC_EnableIRQ
                0x08002efc       0x34 ./Drivers/STM32G0xx_HAL_Driver/Src/stm32g0xx_hal_cortex.o
 .text.__NVIC_SetPriority
                0x08002f30       0xdc ./Drivers/STM32G0xx_HAL_Driver/Src/stm32g0xx_hal_cortex.o
 .text.SysTick_Config
                0x0800300c       0x48 ./Drivers/STM32G0xx_HAL_Driver/Src/stm32g0xx_hal_cortex.o
 .text.HAL_NVIC_SetPriority
                0x08003054       0x2a ./Drivers/STM32G0xx_HAL_Driver/Src/stm32g0xx_hal_cortex.o
                0x08003054                HAL_NVIC_SetPriority
 .text.HAL_NVIC_EnableIRQ
                0x0800307e       0x20 ./Drivers/STM32G0xx_HAL_Driver/Src/stm32g0xx_hal_cortex.o
                0x0800307e                HAL_NVIC_EnableIRQ
 .text.HAL_SYSTICK_Config
                0x0800309e       0x1a ./Drivers/STM32G0xx_HAL_Driver/Src/stm32g0xx_hal_cortex.o
                0x0800309e                HAL_SYSTICK_Config
 .text.HAL_DMA_Abort_IT
                0x080030b8       0xd0 ./Drivers/STM32G0xx_HAL_Driver/Src/stm32g0xx_hal_dma.o
                0x080030b8                HAL_DMA_Abort_IT
 .text.HAL_FDCAN_Init
                0x08003188      0x2cc ./Drivers/STM32G0xx_HAL_Driver/Src/stm32g0xx_hal_fdcan.o
                0x08003188                HAL_FDCAN_Init
 .text.HAL_FDCAN_ConfigFilter
                0x08003454       0xba ./Drivers/STM32G0xx_HAL_Driver/Src/stm32g0xx_hal_fdcan.o
                0x08003454                HAL_FDCAN_ConfigFilter
 .text.HAL_FDCAN_Start
                0x0800350e       0x4c ./Drivers/STM32G0xx_HAL_Driver/Src/stm32g0xx_hal_fdcan.o
                0x0800350e                HAL_FDCAN_Start
 .text.HAL_FDCAN_ActivateNotification
                0x0800355a      0x1ac ./Drivers/STM32G0xx_HAL_Driver/Src/stm32g0xx_hal_fdcan.o
                0x0800355a                HAL_FDCAN_ActivateNotification
 *fill*         0x08003706        0x2 
 .text.FDCAN_CalcultateRamBlockAddresses
                0x08003708       0xd8 ./Drivers/STM32G0xx_HAL_Driver/Src/stm32g0xx_hal_fdcan.o
 .text.HAL_GPIO_Init
                0x080037e0      0x2d8 ./Drivers/STM32G0xx_HAL_Driver/Src/stm32g0xx_hal_gpio.o
                0x080037e0                HAL_GPIO_Init
 .text.HAL_GPIO_WritePin
                0x08003ab8       0x3a ./Drivers/STM32G0xx_HAL_Driver/Src/stm32g0xx_hal_gpio.o
                0x08003ab8                HAL_GPIO_WritePin
 *fill*         0x08003af2        0x2 
 .text.HAL_PWREx_ControlVoltageScaling
                0x08003af4       0x80 ./Drivers/STM32G0xx_HAL_Driver/Src/stm32g0xx_hal_pwr_ex.o
                0x08003af4                HAL_PWREx_ControlVoltageScaling
 .text.HAL_RCC_OscConfig
                0x08003b74      0x6c0 ./Drivers/STM32G0xx_HAL_Driver/Src/stm32g0xx_hal_rcc.o
                0x08003b74                HAL_RCC_OscConfig
 .text.HAL_RCC_ClockConfig
                0x08004234      0x210 ./Drivers/STM32G0xx_HAL_Driver/Src/stm32g0xx_hal_rcc.o
                0x08004234                HAL_RCC_ClockConfig
 .text.HAL_RCC_GetSysClockFreq
                0x08004444      0x104 ./Drivers/STM32G0xx_HAL_Driver/Src/stm32g0xx_hal_rcc.o
                0x08004444                HAL_RCC_GetSysClockFreq
 .text.HAL_RCCEx_PeriphCLKConfig
                0x08004548      0x478 ./Drivers/STM32G0xx_HAL_Driver/Src/stm32g0xx_hal_rcc_ex.o
                0x08004548                HAL_RCCEx_PeriphCLKConfig
 .text.HAL_SPI_Init
                0x080049c0      0x170 ./Drivers/STM32G0xx_HAL_Driver/Src/stm32g0xx_hal_spi.o
                0x080049c0                HAL_SPI_Init
 .text.HAL_SPI_Receive_IT
                0x08004b30      0x184 ./Drivers/STM32G0xx_HAL_Driver/Src/stm32g0xx_hal_spi.o
                0x08004b30                HAL_SPI_Receive_IT
 .text.HAL_SPI_TransmitReceive_IT
                0x08004cb4      0x190 ./Drivers/STM32G0xx_HAL_Driver/Src/stm32g0xx_hal_spi.o
                0x08004cb4                HAL_SPI_TransmitReceive_IT
 .text.HAL_SPI_IRQHandler
                0x08004e44      0x1d4 ./Drivers/STM32G0xx_HAL_Driver/Src/stm32g0xx_hal_spi.o
                0x08004e44                HAL_SPI_IRQHandler
 .text.HAL_SPI_TxRxCpltCallback
                0x08005018       0x10 ./Drivers/STM32G0xx_HAL_Driver/Src/stm32g0xx_hal_spi.o
                0x08005018                HAL_SPI_TxRxCpltCallback
 .text.HAL_SPI_ErrorCallback
                0x08005028       0x10 ./Drivers/STM32G0xx_HAL_Driver/Src/stm32g0xx_hal_spi.o
                0x08005028                HAL_SPI_ErrorCallback
 .text.SPI_DMAAbortOnError
                0x08005038       0x2c ./Drivers/STM32G0xx_HAL_Driver/Src/stm32g0xx_hal_spi.o
 .text.SPI_2linesRxISR_8BIT
                0x08005064       0xc2 ./Drivers/STM32G0xx_HAL_Driver/Src/stm32g0xx_hal_spi.o
 .text.SPI_2linesTxISR_8BIT
                0x08005126       0x94 ./Drivers/STM32G0xx_HAL_Driver/Src/stm32g0xx_hal_spi.o
 .text.SPI_2linesRxISR_16BIT
                0x080051ba       0x68 ./Drivers/STM32G0xx_HAL_Driver/Src/stm32g0xx_hal_spi.o
 .text.SPI_2linesTxISR_16BIT
                0x08005222       0x62 ./Drivers/STM32G0xx_HAL_Driver/Src/stm32g0xx_hal_spi.o
 .text.SPI_RxISR_8BIT
                0x08005284       0x52 ./Drivers/STM32G0xx_HAL_Driver/Src/stm32g0xx_hal_spi.o
 .text.SPI_RxISR_16BIT
                0x080052d6       0x4e ./Drivers/STM32G0xx_HAL_Driver/Src/stm32g0xx_hal_spi.o
 .text.SPI_WaitFlagStateUntilTimeout
                0x08005324      0x11c ./Drivers/STM32G0xx_HAL_Driver/Src/stm32g0xx_hal_spi.o
 .text.SPI_WaitFifoStateUntilTimeout
                0x08005440      0x144 ./Drivers/STM32G0xx_HAL_Driver/Src/stm32g0xx_hal_spi.o
 .text.SPI_EndRxTransaction
                0x08005584       0xbc ./Drivers/STM32G0xx_HAL_Driver/Src/stm32g0xx_hal_spi.o
 .text.SPI_EndRxTxTransaction
                0x08005640       0x8c ./Drivers/STM32G0xx_HAL_Driver/Src/stm32g0xx_hal_spi.o
 .text.SPI_CloseRxTx_ISR
                0x080056cc       0x8c ./Drivers/STM32G0xx_HAL_Driver/Src/stm32g0xx_hal_spi.o
 .text.SPI_CloseRx_ISR
                0x08005758       0x62 ./Drivers/STM32G0xx_HAL_Driver/Src/stm32g0xx_hal_spi.o
 .text.HAL_TIM_Base_Init
                0x080057ba       0xb0 ./Drivers/STM32G0xx_HAL_Driver/Src/stm32g0xx_hal_tim.o
                0x080057ba                HAL_TIM_Base_Init
 *fill*         0x0800586a        0x2 
 .text.HAL_TIM_Base_Start_IT
                0x0800586c       0xc4 ./Drivers/STM32G0xx_HAL_Driver/Src/stm32g0xx_hal_tim.o
                0x0800586c                HAL_TIM_Base_Start_IT
 .text.HAL_TIM_PWM_Init
                0x08005930       0xb0 ./Drivers/STM32G0xx_HAL_Driver/Src/stm32g0xx_hal_tim.o
                0x08005930                HAL_TIM_PWM_Init
 .text.HAL_TIM_PWM_MspInit
                0x080059e0       0x10 ./Drivers/STM32G0xx_HAL_Driver/Src/stm32g0xx_hal_tim.o
                0x080059e0                HAL_TIM_PWM_MspInit
 .text.HAL_TIM_PWM_Start
                0x080059f0      0x1e0 ./Drivers/STM32G0xx_HAL_Driver/Src/stm32g0xx_hal_tim.o
                0x080059f0                HAL_TIM_PWM_Start
 .text.HAL_TIM_PWM_Stop
                0x08005bd0      0x118 ./Drivers/STM32G0xx_HAL_Driver/Src/stm32g0xx_hal_tim.o
                0x08005bd0                HAL_TIM_PWM_Stop
 .text.HAL_TIM_IRQHandler
                0x08005ce8      0x210 ./Drivers/STM32G0xx_HAL_Driver/Src/stm32g0xx_hal_tim.o
                0x08005ce8                HAL_TIM_IRQHandler
 .text.HAL_TIM_PWM_ConfigChannel
                0x08005ef8      0x200 ./Drivers/STM32G0xx_HAL_Driver/Src/stm32g0xx_hal_tim.o
                0x08005ef8                HAL_TIM_PWM_ConfigChannel
 .text.HAL_TIM_ConfigClockSource
                0x080060f8      0x1ac ./Drivers/STM32G0xx_HAL_Driver/Src/stm32g0xx_hal_tim.o
                0x080060f8                HAL_TIM_ConfigClockSource
 .text.HAL_TIM_OC_DelayElapsedCallback
                0x080062a4       0x10 ./Drivers/STM32G0xx_HAL_Driver/Src/stm32g0xx_hal_tim.o
                0x080062a4                HAL_TIM_OC_DelayElapsedCallback
 .text.HAL_TIM_IC_CaptureCallback
                0x080062b4       0x10 ./Drivers/STM32G0xx_HAL_Driver/Src/stm32g0xx_hal_tim.o
                0x080062b4                HAL_TIM_IC_CaptureCallback
 .text.HAL_TIM_PWM_PulseFinishedCallback
                0x080062c4       0x10 ./Drivers/STM32G0xx_HAL_Driver/Src/stm32g0xx_hal_tim.o
                0x080062c4                HAL_TIM_PWM_PulseFinishedCallback
 .text.HAL_TIM_TriggerCallback
                0x080062d4       0x10 ./Drivers/STM32G0xx_HAL_Driver/Src/stm32g0xx_hal_tim.o
                0x080062d4                HAL_TIM_TriggerCallback
 .text.TIM_Base_SetConfig
                0x080062e4      0x130 ./Drivers/STM32G0xx_HAL_Driver/Src/stm32g0xx_hal_tim.o
                0x080062e4                TIM_Base_SetConfig
 .text.TIM_OC1_SetConfig
                0x08006414      0x114 ./Drivers/STM32G0xx_HAL_Driver/Src/stm32g0xx_hal_tim.o
 .text.TIM_OC2_SetConfig
                0x08006528      0x108 ./Drivers/STM32G0xx_HAL_Driver/Src/stm32g0xx_hal_tim.o
                0x08006528                TIM_OC2_SetConfig
 .text.TIM_OC3_SetConfig
                0x08006630      0x110 ./Drivers/STM32G0xx_HAL_Driver/Src/stm32g0xx_hal_tim.o
 .text.TIM_OC4_SetConfig
                0x08006740       0xd4 ./Drivers/STM32G0xx_HAL_Driver/Src/stm32g0xx_hal_tim.o
 .text.TIM_OC5_SetConfig
                0x08006814       0xc0 ./Drivers/STM32G0xx_HAL_Driver/Src/stm32g0xx_hal_tim.o
 .text.TIM_OC6_SetConfig
                0x080068d4       0xc8 ./Drivers/STM32G0xx_HAL_Driver/Src/stm32g0xx_hal_tim.o
 .text.TIM_TI1_ConfigInputStage
                0x0800699c       0x5c ./Drivers/STM32G0xx_HAL_Driver/Src/stm32g0xx_hal_tim.o
 .text.TIM_TI2_ConfigInputStage
                0x080069f8       0x64 ./Drivers/STM32G0xx_HAL_Driver/Src/stm32g0xx_hal_tim.o
 .text.TIM_ITRx_SetConfig
                0x08006a5c       0x38 ./Drivers/STM32G0xx_HAL_Driver/Src/stm32g0xx_hal_tim.o
 .text.TIM_ETR_SetConfig
                0x08006a94       0x40 ./Drivers/STM32G0xx_HAL_Driver/Src/stm32g0xx_hal_tim.o
                0x08006a94                TIM_ETR_SetConfig
 .text.TIM_CCxChannelCmd
                0x08006ad4       0x46 ./Drivers/STM32G0xx_HAL_Driver/Src/stm32g0xx_hal_tim.o
                0x08006ad4                TIM_CCxChannelCmd
 *fill*         0x08006b1a        0x2 
 .text.HAL_TIMEx_MasterConfigSynchronization
                0x08006b1c       0xec ./Drivers/STM32G0xx_HAL_Driver/Src/stm32g0xx_hal_tim_ex.o
                0x08006b1c                HAL_TIMEx_MasterConfigSynchronization
 .text.HAL_TIMEx_CommutCallback
                0x08006c08       0x10 ./Drivers/STM32G0xx_HAL_Driver/Src/stm32g0xx_hal_tim_ex.o
                0x08006c08                HAL_TIMEx_CommutCallback
 .text.HAL_TIMEx_BreakCallback
                0x08006c18       0x10 ./Drivers/STM32G0xx_HAL_Driver/Src/stm32g0xx_hal_tim_ex.o
                0x08006c18                HAL_TIMEx_BreakCallback
 .text.HAL_TIMEx_Break2Callback
                0x08006c28       0x10 ./Drivers/STM32G0xx_HAL_Driver/Src/stm32g0xx_hal_tim_ex.o
                0x08006c28                HAL_TIMEx_Break2Callback
 .text.memset   0x08006c38       0x10 E:/CubeIDE/STM32CubeIDE_1.16.0/STM32CubeIDE/plugins/com.st.stm32cube.ide.mcu.externaltools.gnu-tools-for-stm32.12.3.rel1.win32_1.0.200.202406191623/tools/bin/../lib/gcc/arm-none-eabi/12.3.1/../../../../arm-none-eabi/lib/thumb/v6-m/nofp\libc_nano.a(libc_a-memset.o)
                0x08006c38                memset
 .text.__libc_init_array
                0x08006c48       0x48 E:/CubeIDE/STM32CubeIDE_1.16.0/STM32CubeIDE/plugins/com.st.stm32cube.ide.mcu.externaltools.gnu-tools-for-stm32.12.3.rel1.win32_1.0.200.202406191623/tools/bin/../lib/gcc/arm-none-eabi/12.3.1/../../../../arm-none-eabi/lib/thumb/v6-m/nofp\libc_nano.a(libc_a-init.o)
                0x08006c48                __libc_init_array
 .text.memcpy   0x08006c90       0x12 E:/CubeIDE/STM32CubeIDE_1.16.0/STM32CubeIDE/plugins/com.st.stm32cube.ide.mcu.externaltools.gnu-tools-for-stm32.12.3.rel1.win32_1.0.200.202406191623/tools/bin/../lib/gcc/arm-none-eabi/12.3.1/../../../../arm-none-eabi/lib/thumb/v6-m/nofp\libc_nano.a(libc_a-memcpy-stub.o)
                0x08006c90                memcpy
 *(.glue_7)
 .glue_7        0x08006ca2        0x0 linker stubs
 *(.glue_7t)
 .glue_7t       0x08006ca2        0x0 linker stubs
 *(.eh_frame)
 *fill*         0x08006ca2        0x2 
 .eh_frame      0x08006ca4        0x0 E:/CubeIDE/STM32CubeIDE_1.16.0/STM32CubeIDE/plugins/com.st.stm32cube.ide.mcu.externaltools.gnu-tools-for-stm32.12.3.rel1.win32_1.0.200.202406191623/tools/bin/../lib/gcc/arm-none-eabi/12.3.1/thumb/v6-m/nofp/crtbegin.o
 *(.init)
 .init          0x08006ca4        0x4 E:/CubeIDE/STM32CubeIDE_1.16.0/STM32CubeIDE/plugins/com.st.stm32cube.ide.mcu.externaltools.gnu-tools-for-stm32.12.3.rel1.win32_1.0.200.202406191623/tools/bin/../lib/gcc/arm-none-eabi/12.3.1/thumb/v6-m/nofp/crti.o
                0x08006ca4                _init
 .init          0x08006ca8        0x8 E:/CubeIDE/STM32CubeIDE_1.16.0/STM32CubeIDE/plugins/com.st.stm32cube.ide.mcu.externaltools.gnu-tools-for-stm32.12.3.rel1.win32_1.0.200.202406191623/tools/bin/../lib/gcc/arm-none-eabi/12.3.1/thumb/v6-m/nofp/crtn.o
 *(.fini)
 .fini          0x08006cb0        0x4 E:/CubeIDE/STM32CubeIDE_1.16.0/STM32CubeIDE/plugins/com.st.stm32cube.ide.mcu.externaltools.gnu-tools-for-stm32.12.3.rel1.win32_1.0.200.202406191623/tools/bin/../lib/gcc/arm-none-eabi/12.3.1/thumb/v6-m/nofp/crti.o
                0x08006cb0                _fini
 .fini          0x08006cb4        0x8 E:/CubeIDE/STM32CubeIDE_1.16.0/STM32CubeIDE/plugins/com.st.stm32cube.ide.mcu.externaltools.gnu-tools-for-stm32.12.3.rel1.win32_1.0.200.202406191623/tools/bin/../lib/gcc/arm-none-eabi/12.3.1/thumb/v6-m/nofp/crtn.o
                0x08006cbc                        . = ALIGN (0x4)
                0x08006cbc                        _etext = .

.vfp11_veneer   0x08006cbc        0x0
 .vfp11_veneer  0x08006cbc        0x0 linker stubs

.v4_bx          0x08006cbc        0x0
 .v4_bx         0x08006cbc        0x0 linker stubs

.iplt           0x08006cbc        0x0
 .iplt          0x08006cbc        0x0 E:/CubeIDE/STM32CubeIDE_1.16.0/STM32CubeIDE/plugins/com.st.stm32cube.ide.mcu.externaltools.gnu-tools-for-stm32.12.3.rel1.win32_1.0.200.202406191623/tools/bin/../lib/gcc/arm-none-eabi/12.3.1/thumb/v6-m/nofp/crtbegin.o

.rodata         0x08006cbc      0x110
                0x08006cbc                        . = ALIGN (0x4)
 *(.rodata)
 .rodata        0x08006cbc       0x7c E:/CubeIDE/STM32CubeIDE_1.16.0/STM32CubeIDE/plugins/com.st.stm32cube.ide.mcu.externaltools.gnu-tools-for-stm32.12.3.rel1.win32_1.0.200.202406191623/tools/bin/../lib/gcc/arm-none-eabi/12.3.1/thumb/v6-m/nofp\libgcc.a(divsf3.o)
 *(.rodata*)
 .rodata.AHBPrescTable
                0x08006d38       0x40 ./Core/Src/system_stm32g0xx.o
                0x08006d38                AHBPrescTable
 .rodata.HAL_TIM_PWM_ConfigChannel
                0x08006d78       0x54 ./Drivers/STM32G0xx_HAL_Driver/Src/stm32g0xx_hal_tim.o
                0x08006dcc                        . = ALIGN (0x4)

.ARM.extab      0x08006dcc        0x0
                0x08006dcc                        . = ALIGN (0x4)
 *(.ARM.extab* .gnu.linkonce.armextab.*)
                0x08006dcc                        . = ALIGN (0x4)

.ARM            0x08006dcc        0x0
                0x08006dcc                        . = ALIGN (0x4)
                0x08006dcc                        __exidx_start = .
 *(.ARM.exidx*)
                0x08006dcc                        __exidx_end = .
                0x08006dcc                        . = ALIGN (0x4)

.preinit_array  0x08006dcc        0x0
                0x08006dcc                        . = ALIGN (0x4)
                0x08006dcc                        PROVIDE (__preinit_array_start = .)
 *(.preinit_array*)
                0x08006dcc                        PROVIDE (__preinit_array_end = .)
                0x08006dcc                        . = ALIGN (0x4)

.init_array     0x08006dcc        0x4
                0x08006dcc                        . = ALIGN (0x4)
                0x08006dcc                        PROVIDE (__init_array_start = .)
 *(SORT_BY_NAME(.init_array.*))
 *(.init_array*)
 .init_array    0x08006dcc        0x4 E:/CubeIDE/STM32CubeIDE_1.16.0/STM32CubeIDE/plugins/com.st.stm32cube.ide.mcu.externaltools.gnu-tools-for-stm32.12.3.rel1.win32_1.0.200.202406191623/tools/bin/../lib/gcc/arm-none-eabi/12.3.1/thumb/v6-m/nofp/crtbegin.o
                0x08006dd0                        PROVIDE (__init_array_end = .)
                0x08006dd0                        . = ALIGN (0x4)

.fini_array     0x08006dd0        0x4
                0x08006dd0                        . = ALIGN (0x4)
                [!provide]                        PROVIDE (__fini_array_start = .)
 *(SORT_BY_NAME(.fini_array.*))
 *(.fini_array*)
 .fini_array    0x08006dd0        0x4 E:/CubeIDE/STM32CubeIDE_1.16.0/STM32CubeIDE/plugins/com.st.stm32cube.ide.mcu.externaltools.gnu-tools-for-stm32.12.3.rel1.win32_1.0.200.202406191623/tools/bin/../lib/gcc/arm-none-eabi/12.3.1/thumb/v6-m/nofp/crtbegin.o
                [!provide]                        PROVIDE (__fini_array_end = .)
                0x08006dd4                        . = ALIGN (0x4)
                0x08006dd4                        _sidata = LOADADDR (.data)

.rel.dyn        0x08006dd4        0x0
 .rel.iplt      0x08006dd4        0x0 E:/CubeIDE/STM32CubeIDE_1.16.0/STM32CubeIDE/plugins/com.st.stm32cube.ide.mcu.externaltools.gnu-tools-for-stm32.12.3.rel1.win32_1.0.200.202406191623/tools/bin/../lib/gcc/arm-none-eabi/12.3.1/thumb/v6-m/nofp/crtbegin.o

.data           0x20000000       0x34 load address 0x08006dd4
                0x20000000                        . = ALIGN (0x4)
                0x20000000                        _sdata = .
 *(.data)
 *(.data*)
 .data.DataLengthCode
                0x20000000       0x24 ./Core/Src/can.o
                0x20000000                DataLengthCode
 .data.currentDirection
                0x20000024        0x1 ./Core/Src/motor_control.o
 *fill*         0x20000025        0x3 
 .data.SystemCoreClock
                0x20000028        0x4 ./Core/Src/system_stm32g0xx.o
                0x20000028                SystemCoreClock
 .data.uwTickPrio
                0x2000002c        0x4 ./Drivers/STM32G0xx_HAL_Driver/Src/stm32g0xx_hal.o
                0x2000002c                uwTickPrio
 .data.uwTickFreq
                0x20000030        0x1 ./Drivers/STM32G0xx_HAL_Driver/Src/stm32g0xx_hal.o
                0x20000030                uwTickFreq
 *(.RamFunc)
 *(.RamFunc*)
                0x20000034                        . = ALIGN (0x4)
 *fill*         0x20000031        0x3 
                0x20000034                        _edata = .

.igot.plt       0x20000034        0x0 load address 0x08006e08
 .igot.plt      0x20000034        0x0 E:/CubeIDE/STM32CubeIDE_1.16.0/STM32CubeIDE/plugins/com.st.stm32cube.ide.mcu.externaltools.gnu-tools-for-stm32.12.3.rel1.win32_1.0.200.202406191623/tools/bin/../lib/gcc/arm-none-eabi/12.3.1/thumb/v6-m/nofp/crtbegin.o
                0x20000034                        . = ALIGN (0x4)

.bss            0x20000034     0x4434 load address 0x08006e08
                0x20000034                        _sbss = .
                0x20000034                        __bss_start__ = _sbss
 *(.bss)
 .bss           0x20000034       0x1c E:/CubeIDE/STM32CubeIDE_1.16.0/STM32CubeIDE/plugins/com.st.stm32cube.ide.mcu.externaltools.gnu-tools-for-stm32.12.3.rel1.win32_1.0.200.202406191623/tools/bin/../lib/gcc/arm-none-eabi/12.3.1/thumb/v6-m/nofp/crtbegin.o
 *(.bss*)
 .bss.TxHeader  0x20000050       0x24 ./Core/Src/can.o
 .bss.CAN_RxBuffer
                0x20000074     0x4100 ./Core/Src/can.o
                0x20000074                CAN_RxBuffer
 .bss.CAN_RxBufferHead
                0x20004174        0x2 ./Core/Src/can.o
                0x20004174                CAN_RxBufferHead
 .bss.CAN_RxBufferTail
                0x20004176        0x2 ./Core/Src/can.o
                0x20004176                CAN_RxBufferTail
 .bss.latest_CAN_value
                0x20004178        0x4 ./Core/Src/can.o
                0x20004178                latest_CAN_value
 .bss.spi_rx_buffer
                0x2000417c        0x2 ./Core/Src/encoder.o
                0x2000417c                spi_rx_buffer
 *fill*         0x2000417e        0x2 
 .bss.hadc1     0x20004180       0x64 ./Core/Src/main.o
                0x20004180                hadc1
 .bss.hfdcan2   0x200041e4       0x64 ./Core/Src/main.o
                0x200041e4                hfdcan2
 .bss.hspi1     0x20004248       0x64 ./Core/Src/main.o
                0x20004248                hspi1
 .bss.htim1     0x200042ac       0x4c ./Core/Src/main.o
                0x200042ac                htim1
 .bss.htim2     0x200042f8       0x4c ./Core/Src/main.o
                0x200042f8                htim2
 .bss.htim14    0x20004344       0x4c ./Core/Src/main.o
                0x20004344                htim14
 .bss.htim16    0x20004390       0x4c ./Core/Src/main.o
                0x20004390                htim16
 .bss.spi_rx_done
                0x200043dc        0x1 ./Core/Src/main.o
                0x200043dc                spi_rx_done
 *fill*         0x200043dd        0x1 
 .bss.targetAngle
                0x200043de        0x2 ./Core/Src/main.o
                0x200043de                targetAngle
 .bss.realAngle
                0x200043e0        0x2 ./Core/Src/main.o
                0x200043e0                realAngle
 *fill*         0x200043e2        0x2 
 .bss.pid       0x200043e4       0x30 ./Core/Src/main.o
                0x200043e4                pid
 .bss.currentDutyCycle
                0x20004414        0x4 ./Core/Src/motor_control.o
 .bss.htim13    0x20004418       0x4c ./Core/Src/timers.o
                0x20004418                htim13
 .bss.uwTick    0x20004464        0x4 ./Drivers/STM32G0xx_HAL_Driver/Src/stm32g0xx_hal.o
                0x20004464                uwTick
 *(COMMON)
                0x20004468                        . = ALIGN (0x4)
                0x20004468                        _ebss = .
                0x20004468                        __bss_end__ = _ebss

._user_heap_stack
                0x20004468      0x600 load address 0x08006e08
                0x20004468                        . = ALIGN (0x8)
                [!provide]                        PROVIDE (end = .)
                0x20004468                        PROVIDE (_end = .)
                0x20004668                        . = (. + _Min_Heap_Size)
 *fill*         0x20004468      0x200 
                0x20004a68                        . = (. + _Min_Stack_Size)
 *fill*         0x20004668      0x400 
                0x20004a68                        . = ALIGN (0x8)

/DISCARD/
 libc.a(*)
 libm.a(*)
 libgcc.a(*)

.ARM.attributes
                0x00000000       0x28
 *(.ARM.attributes)
 .ARM.attributes
                0x00000000       0x1e E:/CubeIDE/STM32CubeIDE_1.16.0/STM32CubeIDE/plugins/com.st.stm32cube.ide.mcu.externaltools.gnu-tools-for-stm32.12.3.rel1.win32_1.0.200.202406191623/tools/bin/../lib/gcc/arm-none-eabi/12.3.1/thumb/v6-m/nofp/crti.o
 .ARM.attributes
                0x0000001e       0x2c E:/CubeIDE/STM32CubeIDE_1.16.0/STM32CubeIDE/plugins/com.st.stm32cube.ide.mcu.externaltools.gnu-tools-for-stm32.12.3.rel1.win32_1.0.200.202406191623/tools/bin/../lib/gcc/arm-none-eabi/12.3.1/thumb/v6-m/nofp/crtbegin.o
 .ARM.attributes
                0x0000004a       0x2c ./Core/Src/can.o
 .ARM.attributes
                0x00000076       0x2c ./Core/Src/encoder.o
 .ARM.attributes
                0x000000a2       0x2c ./Core/Src/main.o
 .ARM.attributes
                0x000000ce       0x2c ./Core/Src/motor_control.o
 .ARM.attributes
                0x000000fa       0x2c ./Core/Src/pid_controller.o
 .ARM.attributes
                0x00000126       0x2c ./Core/Src/stm32g0xx_hal_msp.o
 .ARM.attributes
                0x00000152       0x2c ./Core/Src/stm32g0xx_it.o
 .ARM.attributes
                0x0000017e       0x2c ./Core/Src/system_stm32g0xx.o
 .ARM.attributes
                0x000001aa       0x2c ./Core/Src/timers.o
 .ARM.attributes
                0x000001d6       0x22 ./Core/Startup/startup_stm32g0b1kbtx.o
 .ARM.attributes
                0x000001f8       0x2c ./Drivers/STM32G0xx_HAL_Driver/Src/stm32g0xx_hal.o
 .ARM.attributes
                0x00000224       0x2c ./Drivers/STM32G0xx_HAL_Driver/Src/stm32g0xx_hal_adc.o
 .ARM.attributes
                0x00000250       0x2c ./Drivers/STM32G0xx_HAL_Driver/Src/stm32g0xx_hal_cortex.o
 .ARM.attributes
                0x0000027c       0x2c ./Drivers/STM32G0xx_HAL_Driver/Src/stm32g0xx_hal_dma.o
 .ARM.attributes
                0x000002a8       0x2c ./Drivers/STM32G0xx_HAL_Driver/Src/stm32g0xx_hal_fdcan.o
 .ARM.attributes
                0x000002d4       0x2c ./Drivers/STM32G0xx_HAL_Driver/Src/stm32g0xx_hal_gpio.o
 .ARM.attributes
                0x00000300       0x2c ./Drivers/STM32G0xx_HAL_Driver/Src/stm32g0xx_hal_pwr_ex.o
 .ARM.attributes
                0x0000032c       0x2c ./Drivers/STM32G0xx_HAL_Driver/Src/stm32g0xx_hal_rcc.o
 .ARM.attributes
                0x00000358       0x2c ./Drivers/STM32G0xx_HAL_Driver/Src/stm32g0xx_hal_rcc_ex.o
 .ARM.attributes
                0x00000384       0x2c ./Drivers/STM32G0xx_HAL_Driver/Src/stm32g0xx_hal_spi.o
 .ARM.attributes
                0x000003b0       0x2c ./Drivers/STM32G0xx_HAL_Driver/Src/stm32g0xx_hal_tim.o
 .ARM.attributes
                0x000003dc       0x2c ./Drivers/STM32G0xx_HAL_Driver/Src/stm32g0xx_hal_tim_ex.o
 .ARM.attributes
                0x00000408       0x2c E:/CubeIDE/STM32CubeIDE_1.16.0/STM32CubeIDE/plugins/com.st.stm32cube.ide.mcu.externaltools.gnu-tools-for-stm32.12.3.rel1.win32_1.0.200.202406191623/tools/bin/../lib/gcc/arm-none-eabi/12.3.1/../../../../arm-none-eabi/lib/thumb/v6-m/nofp\libc_nano.a(libc_a-memset.o)
 .ARM.attributes
                0x00000434       0x2c E:/CubeIDE/STM32CubeIDE_1.16.0/STM32CubeIDE/plugins/com.st.stm32cube.ide.mcu.externaltools.gnu-tools-for-stm32.12.3.rel1.win32_1.0.200.202406191623/tools/bin/../lib/gcc/arm-none-eabi/12.3.1/../../../../arm-none-eabi/lib/thumb/v6-m/nofp\libc_nano.a(libc_a-init.o)
 .ARM.attributes
                0x00000460       0x2c E:/CubeIDE/STM32CubeIDE_1.16.0/STM32CubeIDE/plugins/com.st.stm32cube.ide.mcu.externaltools.gnu-tools-for-stm32.12.3.rel1.win32_1.0.200.202406191623/tools/bin/../lib/gcc/arm-none-eabi/12.3.1/../../../../arm-none-eabi/lib/thumb/v6-m/nofp\libc_nano.a(libc_a-memcpy-stub.o)
 .ARM.attributes
                0x0000048c       0x1e E:/CubeIDE/STM32CubeIDE_1.16.0/STM32CubeIDE/plugins/com.st.stm32cube.ide.mcu.externaltools.gnu-tools-for-stm32.12.3.rel1.win32_1.0.200.202406191623/tools/bin/../lib/gcc/arm-none-eabi/12.3.1/thumb/v6-m/nofp\libgcc.a(_udivsi3.o)
 .ARM.attributes
                0x000004aa       0x1e E:/CubeIDE/STM32CubeIDE_1.16.0/STM32CubeIDE/plugins/com.st.stm32cube.ide.mcu.externaltools.gnu-tools-for-stm32.12.3.rel1.win32_1.0.200.202406191623/tools/bin/../lib/gcc/arm-none-eabi/12.3.1/thumb/v6-m/nofp\libgcc.a(_dvmd_tls.o)
 .ARM.attributes
                0x000004c8       0x1e E:/CubeIDE/STM32CubeIDE_1.16.0/STM32CubeIDE/plugins/com.st.stm32cube.ide.mcu.externaltools.gnu-tools-for-stm32.12.3.rel1.win32_1.0.200.202406191623/tools/bin/../lib/gcc/arm-none-eabi/12.3.1/thumb/v6-m/nofp\libgcc.a(_arm_cmpsf2.o)
 .ARM.attributes
                0x000004e6       0x2c E:/CubeIDE/STM32CubeIDE_1.16.0/STM32CubeIDE/plugins/com.st.stm32cube.ide.mcu.externaltools.gnu-tools-for-stm32.12.3.rel1.win32_1.0.200.202406191623/tools/bin/../lib/gcc/arm-none-eabi/12.3.1/thumb/v6-m/nofp\libgcc.a(_fixunssfsi.o)
 .ARM.attributes
                0x00000512       0x2c E:/CubeIDE/STM32CubeIDE_1.16.0/STM32CubeIDE/plugins/com.st.stm32cube.ide.mcu.externaltools.gnu-tools-for-stm32.12.3.rel1.win32_1.0.200.202406191623/tools/bin/../lib/gcc/arm-none-eabi/12.3.1/thumb/v6-m/nofp\libgcc.a(addsf3.o)
 .ARM.attributes
                0x0000053e       0x2c E:/CubeIDE/STM32CubeIDE_1.16.0/STM32CubeIDE/plugins/com.st.stm32cube.ide.mcu.externaltools.gnu-tools-for-stm32.12.3.rel1.win32_1.0.200.202406191623/tools/bin/../lib/gcc/arm-none-eabi/12.3.1/thumb/v6-m/nofp\libgcc.a(divsf3.o)
 .ARM.attributes
                0x0000056a       0x2c E:/CubeIDE/STM32CubeIDE_1.16.0/STM32CubeIDE/plugins/com.st.stm32cube.ide.mcu.externaltools.gnu-tools-for-stm32.12.3.rel1.win32_1.0.200.202406191623/tools/bin/../lib/gcc/arm-none-eabi/12.3.1/thumb/v6-m/nofp\libgcc.a(eqsf2.o)
 .ARM.attributes
                0x00000596       0x2c E:/CubeIDE/STM32CubeIDE_1.16.0/STM32CubeIDE/plugins/com.st.stm32cube.ide.mcu.externaltools.gnu-tools-for-stm32.12.3.rel1.win32_1.0.200.202406191623/tools/bin/../lib/gcc/arm-none-eabi/12.3.1/thumb/v6-m/nofp\libgcc.a(gesf2.o)
 .ARM.attributes
                0x000005c2       0x2c E:/CubeIDE/STM32CubeIDE_1.16.0/STM32CubeIDE/plugins/com.st.stm32cube.ide.mcu.externaltools.gnu-tools-for-stm32.12.3.rel1.win32_1.0.200.202406191623/tools/bin/../lib/gcc/arm-none-eabi/12.3.1/thumb/v6-m/nofp\libgcc.a(lesf2.o)
 .ARM.attributes
                0x000005ee       0x2c E:/CubeIDE/STM32CubeIDE_1.16.0/STM32CubeIDE/plugins/com.st.stm32cube.ide.mcu.externaltools.gnu-tools-for-stm32.12.3.rel1.win32_1.0.200.202406191623/tools/bin/../lib/gcc/arm-none-eabi/12.3.1/thumb/v6-m/nofp\libgcc.a(mulsf3.o)
 .ARM.attributes
                0x0000061a       0x2c E:/CubeIDE/STM32CubeIDE_1.16.0/STM32CubeIDE/plugins/com.st.stm32cube.ide.mcu.externaltools.gnu-tools-for-stm32.12.3.rel1.win32_1.0.200.202406191623/tools/bin/../lib/gcc/arm-none-eabi/12.3.1/thumb/v6-m/nofp\libgcc.a(subsf3.o)
 .ARM.attributes
                0x00000646       0x2c E:/CubeIDE/STM32CubeIDE_1.16.0/STM32CubeIDE/plugins/com.st.stm32cube.ide.mcu.externaltools.gnu-tools-for-stm32.12.3.rel1.win32_1.0.200.202406191623/tools/bin/../lib/gcc/arm-none-eabi/12.3.1/thumb/v6-m/nofp\libgcc.a(fixsfsi.o)
 .ARM.attributes
                0x00000672       0x2c E:/CubeIDE/STM32CubeIDE_1.16.0/STM32CubeIDE/plugins/com.st.stm32cube.ide.mcu.externaltools.gnu-tools-for-stm32.12.3.rel1.win32_1.0.200.202406191623/tools/bin/../lib/gcc/arm-none-eabi/12.3.1/thumb/v6-m/nofp\libgcc.a(floatunsisf.o)
 .ARM.attributes
                0x0000069e       0x1e E:/CubeIDE/STM32CubeIDE_1.16.0/STM32CubeIDE/plugins/com.st.stm32cube.ide.mcu.externaltools.gnu-tools-for-stm32.12.3.rel1.win32_1.0.200.202406191623/tools/bin/../lib/gcc/arm-none-eabi/12.3.1/thumb/v6-m/nofp\libgcc.a(_clzsi2.o)
 .ARM.attributes
                0x000006bc       0x1e E:/CubeIDE/STM32CubeIDE_1.16.0/STM32CubeIDE/plugins/com.st.stm32cube.ide.mcu.externaltools.gnu-tools-for-stm32.12.3.rel1.win32_1.0.200.202406191623/tools/bin/../lib/gcc/arm-none-eabi/12.3.1/thumb/v6-m/nofp/crtn.o
OUTPUT(Motor Driver.elf elf32-littlearm)
LOAD linker stubs
LOAD E:/CubeIDE/STM32CubeIDE_1.16.0/STM32CubeIDE/plugins/com.st.stm32cube.ide.mcu.externaltools.gnu-tools-for-stm32.12.3.rel1.win32_1.0.200.202406191623/tools/bin/../lib/gcc/arm-none-eabi/12.3.1/../../../../arm-none-eabi/lib/thumb/v6-m/nofp\libc.a
LOAD E:/CubeIDE/STM32CubeIDE_1.16.0/STM32CubeIDE/plugins/com.st.stm32cube.ide.mcu.externaltools.gnu-tools-for-stm32.12.3.rel1.win32_1.0.200.202406191623/tools/bin/../lib/gcc/arm-none-eabi/12.3.1/../../../../arm-none-eabi/lib/thumb/v6-m/nofp\libm.a
LOAD E:/CubeIDE/STM32CubeIDE_1.16.0/STM32CubeIDE/plugins/com.st.stm32cube.ide.mcu.externaltools.gnu-tools-for-stm32.12.3.rel1.win32_1.0.200.202406191623/tools/bin/../lib/gcc/arm-none-eabi/12.3.1/thumb/v6-m/nofp\libgcc.a

.debug_info     0x00000000    0x13eb2
 .debug_info    0x00000000      0xcc9 ./Core/Src/can.o
 .debug_info    0x00000cc9      0x89b ./Core/Src/encoder.o
 .debug_info    0x00001564     0x1d21 ./Core/Src/main.o
 .debug_info    0x00003285      0xcfc ./Core/Src/motor_control.o
 .debug_info    0x00003f81      0x17f ./Core/Src/pid_controller.o
 .debug_info    0x00004100     0x1a78 ./Core/Src/stm32g0xx_hal_msp.o
 .debug_info    0x00005b78      0xb2f ./Core/Src/stm32g0xx_it.o
 .debug_info    0x000066a7      0x316 ./Core/Src/system_stm32g0xx.o
 .debug_info    0x000069bd      0x931 ./Core/Src/timers.o
 .debug_info    0x000072ee       0x30 ./Core/Startup/startup_stm32g0b1kbtx.o
 .debug_info    0x0000731e      0xafa ./Drivers/STM32G0xx_HAL_Driver/Src/stm32g0xx_hal.o
 .debug_info    0x00007e18     0x15cf ./Drivers/STM32G0xx_HAL_Driver/Src/stm32g0xx_hal_adc.o
 .debug_info    0x000093e7      0x8d9 ./Drivers/STM32G0xx_HAL_Driver/Src/stm32g0xx_hal_cortex.o
 .debug_info    0x00009cc0      0x869 ./Drivers/STM32G0xx_HAL_Driver/Src/stm32g0xx_hal_dma.o
 .debug_info    0x0000a529     0x1883 ./Drivers/STM32G0xx_HAL_Driver/Src/stm32g0xx_hal_fdcan.o
 .debug_info    0x0000bdac      0x5d9 ./Drivers/STM32G0xx_HAL_Driver/Src/stm32g0xx_hal_gpio.o
 .debug_info    0x0000c385      0x8b5 ./Drivers/STM32G0xx_HAL_Driver/Src/stm32g0xx_hal_pwr_ex.o
 .debug_info    0x0000cc3a      0xb9b ./Drivers/STM32G0xx_HAL_Driver/Src/stm32g0xx_hal_rcc.o
 .debug_info    0x0000d7d5      0xa41 ./Drivers/STM32G0xx_HAL_Driver/Src/stm32g0xx_hal_rcc_ex.o
 .debug_info    0x0000e216     0x1767 ./Drivers/STM32G0xx_HAL_Driver/Src/stm32g0xx_hal_spi.o
 .debug_info    0x0000f97d     0x2c12 ./Drivers/STM32G0xx_HAL_Driver/Src/stm32g0xx_hal_tim.o
 .debug_info    0x0001258f     0x1923 ./Drivers/STM32G0xx_HAL_Driver/Src/stm32g0xx_hal_tim_ex.o

.debug_abbrev   0x00000000     0x2e0c
 .debug_abbrev  0x00000000      0x297 ./Core/Src/can.o
 .debug_abbrev  0x00000297      0x1d0 ./Core/Src/encoder.o
 .debug_abbrev  0x00000467      0x32f ./Core/Src/main.o
 .debug_abbrev  0x00000796      0x1fe ./Core/Src/motor_control.o
 .debug_abbrev  0x00000994       0xdc ./Core/Src/pid_controller.o
 .debug_abbrev  0x00000a70      0x244 ./Core/Src/stm32g0xx_hal_msp.o
 .debug_abbrev  0x00000cb4      0x1bc ./Core/Src/stm32g0xx_it.o
 .debug_abbrev  0x00000e70      0x119 ./Core/Src/system_stm32g0xx.o
 .debug_abbrev  0x00000f89      0x220 ./Core/Src/timers.o
 .debug_abbrev  0x000011a9       0x24 ./Core/Startup/startup_stm32g0b1kbtx.o
 .debug_abbrev  0x000011cd      0x27f ./Drivers/STM32G0xx_HAL_Driver/Src/stm32g0xx_hal.o
 .debug_abbrev  0x0000144c      0x276 ./Drivers/STM32G0xx_HAL_Driver/Src/stm32g0xx_hal_adc.o
 .debug_abbrev  0x000016c2      0x2ab ./Drivers/STM32G0xx_HAL_Driver/Src/stm32g0xx_hal_cortex.o
 .debug_abbrev  0x0000196d      0x214 ./Drivers/STM32G0xx_HAL_Driver/Src/stm32g0xx_hal_dma.o
 .debug_abbrev  0x00001b81      0x1eb ./Drivers/STM32G0xx_HAL_Driver/Src/stm32g0xx_hal_fdcan.o
 .debug_abbrev  0x00001d6c      0x1c8 ./Drivers/STM32G0xx_HAL_Driver/Src/stm32g0xx_hal_gpio.o
 .debug_abbrev  0x00001f34      0x23c ./Drivers/STM32G0xx_HAL_Driver/Src/stm32g0xx_hal_pwr_ex.o
 .debug_abbrev  0x00002170      0x2aa ./Drivers/STM32G0xx_HAL_Driver/Src/stm32g0xx_hal_rcc.o
 .debug_abbrev  0x0000241a      0x244 ./Drivers/STM32G0xx_HAL_Driver/Src/stm32g0xx_hal_rcc_ex.o
 .debug_abbrev  0x0000265e      0x290 ./Drivers/STM32G0xx_HAL_Driver/Src/stm32g0xx_hal_spi.o
 .debug_abbrev  0x000028ee      0x287 ./Drivers/STM32G0xx_HAL_Driver/Src/stm32g0xx_hal_tim.o
 .debug_abbrev  0x00002b75      0x297 ./Drivers/STM32G0xx_HAL_Driver/Src/stm32g0xx_hal_tim_ex.o

.debug_aranges  0x00000000     0x1360
 .debug_aranges
                0x00000000       0x60 ./Core/Src/can.o
 .debug_aranges
                0x00000060       0x28 ./Core/Src/encoder.o
 .debug_aranges
                0x00000088       0x78 ./Core/Src/main.o
 .debug_aranges
                0x00000100       0x48 ./Core/Src/motor_control.o
 .debug_aranges
                0x00000148       0x28 ./Core/Src/pid_controller.o
 .debug_aranges
                0x00000170       0x68 ./Core/Src/stm32g0xx_hal_msp.o
 .debug_aranges
                0x000001d8       0x50 ./Core/Src/stm32g0xx_it.o
 .debug_aranges
                0x00000228       0x28 ./Core/Src/system_stm32g0xx.o
 .debug_aranges
                0x00000250       0x48 ./Core/Src/timers.o
 .debug_aranges
                0x00000298       0x28 ./Core/Startup/startup_stm32g0b1kbtx.o
 .debug_aranges
                0x000002c0      0x130 ./Drivers/STM32G0xx_HAL_Driver/Src/stm32g0xx_hal.o
 .debug_aranges
                0x000003f0      0x1f0 ./Drivers/STM32G0xx_HAL_Driver/Src/stm32g0xx_hal_adc.o
 .debug_aranges
                0x000005e0       0xe8 ./Drivers/STM32G0xx_HAL_Driver/Src/stm32g0xx_hal_cortex.o
 .debug_aranges
                0x000006c8       0x90 ./Drivers/STM32G0xx_HAL_Driver/Src/stm32g0xx_hal_dma.o
 .debug_aranges
                0x00000758      0x208 ./Drivers/STM32G0xx_HAL_Driver/Src/stm32g0xx_hal_fdcan.o
 .debug_aranges
                0x00000960       0x60 ./Drivers/STM32G0xx_HAL_Driver/Src/stm32g0xx_hal_gpio.o
 .debug_aranges
                0x000009c0      0x128 ./Drivers/STM32G0xx_HAL_Driver/Src/stm32g0xx_hal_pwr_ex.o
 .debug_aranges
                0x00000ae8       0xa0 ./Drivers/STM32G0xx_HAL_Driver/Src/stm32g0xx_hal_rcc.o
 .debug_aranges
                0x00000b88       0x88 ./Drivers/STM32G0xx_HAL_Driver/Src/stm32g0xx_hal_rcc_ex.o
 .debug_aranges
                0x00000c10      0x1d8 ./Drivers/STM32G0xx_HAL_Driver/Src/stm32g0xx_hal_spi.o
 .debug_aranges
                0x00000de8      0x3e0 ./Drivers/STM32G0xx_HAL_Driver/Src/stm32g0xx_hal_tim.o
 .debug_aranges
                0x000011c8      0x198 ./Drivers/STM32G0xx_HAL_Driver/Src/stm32g0xx_hal_tim_ex.o

.debug_rnglists
                0x00000000      0xef5
 .debug_rnglists
                0x00000000       0x48 ./Core/Src/can.o
 .debug_rnglists
                0x00000048       0x1a ./Core/Src/encoder.o
 .debug_rnglists
                0x00000062       0x5c ./Core/Src/main.o
 .debug_rnglists
                0x000000be       0x33 ./Core/Src/motor_control.o
 .debug_rnglists
                0x000000f1       0x1a ./Core/Src/pid_controller.o
 .debug_rnglists
                0x0000010b       0x4e ./Core/Src/stm32g0xx_hal_msp.o
 .debug_rnglists
                0x00000159       0x37 ./Core/Src/stm32g0xx_it.o
 .debug_rnglists
                0x00000190       0x1a ./Core/Src/system_stm32g0xx.o
 .debug_rnglists
                0x000001aa       0x31 ./Core/Src/timers.o
 .debug_rnglists
                0x000001db       0x19 ./Core/Startup/startup_stm32g0b1kbtx.o
 .debug_rnglists
                0x000001f4       0xe0 ./Drivers/STM32G0xx_HAL_Driver/Src/stm32g0xx_hal.o
 .debug_rnglists
                0x000002d4      0x17f ./Drivers/STM32G0xx_HAL_Driver/Src/stm32g0xx_hal_adc.o
 .debug_rnglists
                0x00000453       0xaa ./Drivers/STM32G0xx_HAL_Driver/Src/stm32g0xx_hal_cortex.o
 .debug_rnglists
                0x000004fd       0x72 ./Drivers/STM32G0xx_HAL_Driver/Src/stm32g0xx_hal_dma.o
 .debug_rnglists
                0x0000056f      0x18d ./Drivers/STM32G0xx_HAL_Driver/Src/stm32g0xx_hal_fdcan.o
 .debug_rnglists
                0x000006fc       0x45 ./Drivers/STM32G0xx_HAL_Driver/Src/stm32g0xx_hal_gpio.o
 .debug_rnglists
                0x00000741       0xe0 ./Drivers/STM32G0xx_HAL_Driver/Src/stm32g0xx_hal_pwr_ex.o
 .debug_rnglists
                0x00000821       0x79 ./Drivers/STM32G0xx_HAL_Driver/Src/stm32g0xx_hal_rcc.o
 .debug_rnglists
                0x0000089a       0x69 ./Drivers/STM32G0xx_HAL_Driver/Src/stm32g0xx_hal_rcc_ex.o
 .debug_rnglists
                0x00000903      0x17a ./Drivers/STM32G0xx_HAL_Driver/Src/stm32g0xx_hal_spi.o
 .debug_rnglists
                0x00000a7d      0x32a ./Drivers/STM32G0xx_HAL_Driver/Src/stm32g0xx_hal_tim.o
 .debug_rnglists
                0x00000da7      0x14e ./Drivers/STM32G0xx_HAL_Driver/Src/stm32g0xx_hal_tim_ex.o

.debug_macro    0x00000000    0x1e69e
 .debug_macro   0x00000000      0x2f2 ./Core/Src/can.o
 .debug_macro   0x000002f2      0xa8a ./Core/Src/can.o
 .debug_macro   0x00000d7c      0x136 ./Core/Src/can.o
 .debug_macro   0x00000eb2       0x2e ./Core/Src/can.o
 .debug_macro   0x00000ee0       0x28 ./Core/Src/can.o
 .debug_macro   0x00000f08       0x22 ./Core/Src/can.o
 .debug_macro   0x00000f2a       0x8e ./Core/Src/can.o
 .debug_macro   0x00000fb8       0x51 ./Core/Src/can.o
 .debug_macro   0x00001009      0x103 ./Core/Src/can.o
 .debug_macro   0x0000110c       0x6a ./Core/Src/can.o
 .debug_macro   0x00001176      0x1df ./Core/Src/can.o
 .debug_macro   0x00001355       0x1c ./Core/Src/can.o
 .debug_macro   0x00001371       0x22 ./Core/Src/can.o
 .debug_macro   0x00001393       0xd1 ./Core/Src/can.o
 .debug_macro   0x00001464      0x4da ./Core/Src/can.o
 .debug_macro   0x0000193e      0x11f ./Core/Src/can.o
 .debug_macro   0x00001a5d     0xf3de ./Core/Src/can.o
 .debug_macro   0x00010e3b       0x66 ./Core/Src/can.o
 .debug_macro   0x00010ea1     0x350e ./Core/Src/can.o
 .debug_macro   0x000143af      0x189 ./Core/Src/can.o
 .debug_macro   0x00014538       0x5c ./Core/Src/can.o
 .debug_macro   0x00014594      0x72c ./Core/Src/can.o
 .debug_macro   0x00014cc0     0x1579 ./Core/Src/can.o
 .debug_macro   0x00016239      0x535 ./Core/Src/can.o
 .debug_macro   0x0001676e      0x1cf ./Core/Src/can.o
 .debug_macro   0x0001693d      0x25b ./Core/Src/can.o
 .debug_macro   0x00016b98      0x4f5 ./Core/Src/can.o
 .debug_macro   0x0001708d      0x280 ./Core/Src/can.o
 .debug_macro   0x0001730d      0x417 ./Core/Src/can.o
 .debug_macro   0x00017724      0x1b2 ./Core/Src/can.o
 .debug_macro   0x000178d6       0x43 ./Core/Src/can.o
 .debug_macro   0x00017919      0x1f1 ./Core/Src/can.o
 .debug_macro   0x00017b0a      0x8bd ./Core/Src/can.o
 .debug_macro   0x000183c7      0x5c9 ./Core/Src/can.o
 .debug_macro   0x00018990       0x2e ./Core/Src/can.o
 .debug_macro   0x000189be      0x1e4 ./Core/Src/can.o
 .debug_macro   0x00018ba2      0x3fa ./Core/Src/can.o
 .debug_macro   0x00018f9c       0x28 ./Core/Src/can.o
 .debug_macro   0x00018fc4      0x123 ./Core/Src/can.o
 .debug_macro   0x000190e7      0x6bd ./Core/Src/can.o
 .debug_macro   0x000197a4      0x145 ./Core/Src/can.o
 .debug_macro   0x000198e9      0x30b ./Core/Src/can.o
 .debug_macro   0x00019bf4      0x2fe ./Core/Src/can.o
 .debug_macro   0x00019ef2      0xae5 ./Core/Src/can.o
 .debug_macro   0x0001a9d7      0x239 ./Core/Src/can.o
 .debug_macro   0x0001ac10      0x5df ./Core/Src/can.o
 .debug_macro   0x0001b1ef       0x61 ./Core/Src/can.o
 .debug_macro   0x0001b250       0x24 ./Core/Src/can.o
 .debug_macro   0x0001b274       0x43 ./Core/Src/can.o
 .debug_macro   0x0001b2b7       0x34 ./Core/Src/can.o
 .debug_macro   0x0001b2eb       0x16 ./Core/Src/can.o
 .debug_macro   0x0001b301       0x43 ./Core/Src/can.o
 .debug_macro   0x0001b344       0x34 ./Core/Src/can.o
 .debug_macro   0x0001b378       0x10 ./Core/Src/can.o
 .debug_macro   0x0001b388       0x58 ./Core/Src/can.o
 .debug_macro   0x0001b3e0       0x8e ./Core/Src/can.o
 .debug_macro   0x0001b46e       0x1c ./Core/Src/can.o
 .debug_macro   0x0001b48a      0x177 ./Core/Src/can.o
 .debug_macro   0x0001b601      0x369 ./Core/Src/can.o
 .debug_macro   0x0001b96a       0x10 ./Core/Src/can.o
 .debug_macro   0x0001b97a       0x35 ./Core/Src/can.o
 .debug_macro   0x0001b9af       0x20 ./Core/Src/can.o
 .debug_macro   0x0001b9cf      0x22d ./Core/Src/encoder.o
 .debug_macro   0x0001bbfc       0x1c ./Core/Src/encoder.o
 .debug_macro   0x0001bc18      0x252 ./Core/Src/main.o
 .debug_macro   0x0001be6a       0x1c ./Core/Src/main.o
 .debug_macro   0x0001be86      0x2d0 ./Core/Src/motor_control.o
 .debug_macro   0x0001c156       0x22 ./Core/Src/motor_control.o
 .debug_macro   0x0001c178      0x19b ./Core/Src/motor_control.o
 .debug_macro   0x0001c313       0x1b ./Core/Src/pid_controller.o
 .debug_macro   0x0001c32e      0x221 ./Core/Src/stm32g0xx_hal_msp.o
 .debug_macro   0x0001c54f      0x22b ./Core/Src/stm32g0xx_it.o
 .debug_macro   0x0001c77a      0x212 ./Core/Src/system_stm32g0xx.o
 .debug_macro   0x0001c98c      0x239 ./Core/Src/timers.o
 .debug_macro   0x0001cbc5      0x236 ./Drivers/STM32G0xx_HAL_Driver/Src/stm32g0xx_hal.o
 .debug_macro   0x0001cdfb      0x236 ./Drivers/STM32G0xx_HAL_Driver/Src/stm32g0xx_hal_adc.o
 .debug_macro   0x0001d031      0x212 ./Drivers/STM32G0xx_HAL_Driver/Src/stm32g0xx_hal_cortex.o
 .debug_macro   0x0001d243      0x212 ./Drivers/STM32G0xx_HAL_Driver/Src/stm32g0xx_hal_dma.o
 .debug_macro   0x0001d455      0x324 ./Drivers/STM32G0xx_HAL_Driver/Src/stm32g0xx_hal_fdcan.o
 .debug_macro   0x0001d779      0x219 ./Drivers/STM32G0xx_HAL_Driver/Src/stm32g0xx_hal_gpio.o
 .debug_macro   0x0001d992      0x23c ./Drivers/STM32G0xx_HAL_Driver/Src/stm32g0xx_hal_pwr_ex.o
 .debug_macro   0x0001dbce      0x25a ./Drivers/STM32G0xx_HAL_Driver/Src/stm32g0xx_hal_rcc.o
 .debug_macro   0x0001de28      0x22a ./Drivers/STM32G0xx_HAL_Driver/Src/stm32g0xx_hal_rcc_ex.o
 .debug_macro   0x0001e052      0x21a ./Drivers/STM32G0xx_HAL_Driver/Src/stm32g0xx_hal_spi.o
 .debug_macro   0x0001e26c      0x21a ./Drivers/STM32G0xx_HAL_Driver/Src/stm32g0xx_hal_tim.o
 .debug_macro   0x0001e486      0x218 ./Drivers/STM32G0xx_HAL_Driver/Src/stm32g0xx_hal_tim_ex.o

.debug_line     0x00000000    0x15ed3
 .debug_line    0x00000000      0xc15 ./Core/Src/can.o
 .debug_line    0x00000c15      0x7ff ./Core/Src/encoder.o
 .debug_line    0x00001414      0xb3e ./Core/Src/main.o
 .debug_line    0x00001f52      0xae6 ./Core/Src/motor_control.o
 .debug_line    0x00002a38      0x129 ./Core/Src/pid_controller.o
 .debug_line    0x00002b61      0x9bb ./Core/Src/stm32g0xx_hal_msp.o
 .debug_line    0x0000351c      0x868 ./Core/Src/stm32g0xx_it.o
 .debug_line    0x00003d84      0x846 ./Core/Src/system_stm32g0xx.o
 .debug_line    0x000045ca      0x86d ./Core/Src/timers.o
 .debug_line    0x00004e37       0x7b ./Core/Startup/startup_stm32g0b1kbtx.o
 .debug_line    0x00004eb2      0xbac ./Drivers/STM32G0xx_HAL_Driver/Src/stm32g0xx_hal.o
 .debug_line    0x00005a5e     0x19b5 ./Drivers/STM32G0xx_HAL_Driver/Src/stm32g0xx_hal_adc.o
 .debug_line    0x00007413      0xc21 ./Drivers/STM32G0xx_HAL_Driver/Src/stm32g0xx_hal_cortex.o
 .debug_line    0x00008034      0xf19 ./Drivers/STM32G0xx_HAL_Driver/Src/stm32g0xx_hal_dma.o
 .debug_line    0x00008f4d     0x19e6 ./Drivers/STM32G0xx_HAL_Driver/Src/stm32g0xx_hal_fdcan.o
 .debug_line    0x0000a933      0xc19 ./Drivers/STM32G0xx_HAL_Driver/Src/stm32g0xx_hal_gpio.o
 .debug_line    0x0000b54c      0xc6d ./Drivers/STM32G0xx_HAL_Driver/Src/stm32g0xx_hal_pwr_ex.o
 .debug_line    0x0000c1b9      0xffe ./Drivers/STM32G0xx_HAL_Driver/Src/stm32g0xx_hal_rcc.o
 .debug_line    0x0000d1b7     0x123d ./Drivers/STM32G0xx_HAL_Driver/Src/stm32g0xx_hal_rcc_ex.o
 .debug_line    0x0000e3f4     0x1fcf ./Drivers/STM32G0xx_HAL_Driver/Src/stm32g0xx_hal_spi.o
 .debug_line    0x000103c3     0x3dc8 ./Drivers/STM32G0xx_HAL_Driver/Src/stm32g0xx_hal_tim.o
 .debug_line    0x0001418b     0x1d48 ./Drivers/STM32G0xx_HAL_Driver/Src/stm32g0xx_hal_tim_ex.o

.debug_str      0x00000000    0xc7422
 .debug_str     0x00000000    0xc084a ./Core/Src/can.o
                              0xc1166 (size before relaxing)
 .debug_str     0x000c084a      0x5c4 ./Core/Src/encoder.o
                              0xbdf5a (size before relaxing)
 .debug_str     0x000c0e0e      0xac8 ./Core/Src/main.o
                              0xbee00 (size before relaxing)
 .debug_str     0x000c18d6      0x962 ./Core/Src/motor_control.o
                              0xc1c19 (size before relaxing)
 .debug_str     0x000c2238       0x68 ./Core/Src/pid_controller.o
                               0x2dd4 (size before relaxing)
 .debug_str     0x000c22a0      0x51f ./Core/Src/stm32g0xx_hal_msp.o
                              0xbed29 (size before relaxing)
 .debug_str     0x000c27bf       0xb8 ./Core/Src/stm32g0xx_it.o
                              0xbe1f9 (size before relaxing)
 .debug_str     0x000c2877       0x8e ./Core/Src/system_stm32g0xx.o
                              0xbd9ed (size before relaxing)
 .debug_str     0x000c2905       0xa8 ./Core/Src/timers.o
                              0xbe07f (size before relaxing)
 .debug_str     0x000c29ad       0x44 ./Core/Startup/startup_stm32g0b1kbtx.o
                                 0x62 (size before relaxing)
 .debug_str     0x000c29f1      0x5b5 ./Drivers/STM32G0xx_HAL_Driver/Src/stm32g0xx_hal.o
                              0xbe2c6 (size before relaxing)
 .debug_str     0x000c2fa6      0x86f ./Drivers/STM32G0xx_HAL_Driver/Src/stm32g0xx_hal_adc.o
                              0xbe7cf (size before relaxing)
 .debug_str     0x000c3815      0x28b ./Drivers/STM32G0xx_HAL_Driver/Src/stm32g0xx_hal_cortex.o
                              0xbdefe (size before relaxing)
 .debug_str     0x000c3aa0      0x284 ./Drivers/STM32G0xx_HAL_Driver/Src/stm32g0xx_hal_dma.o
                              0xbde9d (size before relaxing)
 .debug_str     0x000c3d24     0x116c ./Drivers/STM32G0xx_HAL_Driver/Src/stm32g0xx_hal_fdcan.o
                              0xbf085 (size before relaxing)
 .debug_str     0x000c4e90      0x164 ./Drivers/STM32G0xx_HAL_Driver/Src/stm32g0xx_hal_gpio.o
                              0xbdb50 (size before relaxing)
 .debug_str     0x000c4ff4      0x3e0 ./Drivers/STM32G0xx_HAL_Driver/Src/stm32g0xx_hal_pwr_ex.o
                              0xbdf6f (size before relaxing)
 .debug_str     0x000c53d4      0x4c0 ./Drivers/STM32G0xx_HAL_Driver/Src/stm32g0xx_hal_rcc.o
                              0xbe1b9 (size before relaxing)
 .debug_str     0x000c5894      0x360 ./Drivers/STM32G0xx_HAL_Driver/Src/stm32g0xx_hal_rcc_ex.o
                              0xbe049 (size before relaxing)
 .debug_str     0x000c5bf4      0x50b ./Drivers/STM32G0xx_HAL_Driver/Src/stm32g0xx_hal_spi.o
                              0xbe3fa (size before relaxing)
 .debug_str     0x000c60ff      0xd33 ./Drivers/STM32G0xx_HAL_Driver/Src/stm32g0xx_hal_tim.o
                              0xbef56 (size before relaxing)
 .debug_str     0x000c6e32      0x5f0 ./Drivers/STM32G0xx_HAL_Driver/Src/stm32g0xx_hal_tim_ex.o
                              0xbe8e4 (size before relaxing)

.comment        0x00000000       0x43
 .comment       0x00000000       0x43 ./Core/Src/can.o
                                 0x44 (size before relaxing)
 .comment       0x00000043       0x44 ./Core/Src/encoder.o
 .comment       0x00000043       0x44 ./Core/Src/main.o
 .comment       0x00000043       0x44 ./Core/Src/motor_control.o
 .comment       0x00000043       0x44 ./Core/Src/pid_controller.o
 .comment       0x00000043       0x44 ./Core/Src/stm32g0xx_hal_msp.o
 .comment       0x00000043       0x44 ./Core/Src/stm32g0xx_it.o
 .comment       0x00000043       0x44 ./Core/Src/system_stm32g0xx.o
 .comment       0x00000043       0x44 ./Core/Src/timers.o
 .comment       0x00000043       0x44 ./Drivers/STM32G0xx_HAL_Driver/Src/stm32g0xx_hal.o
 .comment       0x00000043       0x44 ./Drivers/STM32G0xx_HAL_Driver/Src/stm32g0xx_hal_adc.o
 .comment       0x00000043       0x44 ./Drivers/STM32G0xx_HAL_Driver/Src/stm32g0xx_hal_cortex.o
 .comment       0x00000043       0x44 ./Drivers/STM32G0xx_HAL_Driver/Src/stm32g0xx_hal_dma.o
 .comment       0x00000043       0x44 ./Drivers/STM32G0xx_HAL_Driver/Src/stm32g0xx_hal_fdcan.o
 .comment       0x00000043       0x44 ./Drivers/STM32G0xx_HAL_Driver/Src/stm32g0xx_hal_gpio.o
 .comment       0x00000043       0x44 ./Drivers/STM32G0xx_HAL_Driver/Src/stm32g0xx_hal_pwr_ex.o
 .comment       0x00000043       0x44 ./Drivers/STM32G0xx_HAL_Driver/Src/stm32g0xx_hal_rcc.o
 .comment       0x00000043       0x44 ./Drivers/STM32G0xx_HAL_Driver/Src/stm32g0xx_hal_rcc_ex.o
 .comment       0x00000043       0x44 ./Drivers/STM32G0xx_HAL_Driver/Src/stm32g0xx_hal_spi.o
 .comment       0x00000043       0x44 ./Drivers/STM32G0xx_HAL_Driver/Src/stm32g0xx_hal_tim.o
 .comment       0x00000043       0x44 ./Drivers/STM32G0xx_HAL_Driver/Src/stm32g0xx_hal_tim_ex.o

.debug_frame    0x00000000     0x47c4
 .debug_frame   0x00000000      0x138 ./Core/Src/can.o
 .debug_frame   0x00000138       0x50 ./Core/Src/encoder.o
 .debug_frame   0x00000188      0x178 ./Core/Src/main.o
 .debug_frame   0x00000300       0xc8 ./Core/Src/motor_control.o
 .debug_frame   0x000003c8       0x54 ./Core/Src/pid_controller.o
 .debug_frame   0x0000041c      0x150 ./Core/Src/stm32g0xx_hal_msp.o
 .debug_frame   0x0000056c       0xd4 ./Core/Src/stm32g0xx_it.o
 .debug_frame   0x00000640       0x4c ./Core/Src/system_stm32g0xx.o
 .debug_frame   0x0000068c       0xc0 ./Core/Src/timers.o
 .debug_frame   0x0000074c      0x41c ./Drivers/STM32G0xx_HAL_Driver/Src/stm32g0xx_hal.o
 .debug_frame   0x00000b68      0x78c ./Drivers/STM32G0xx_HAL_Driver/Src/stm32g0xx_hal_adc.o
 .debug_frame   0x000012f4      0x33c ./Drivers/STM32G0xx_HAL_Driver/Src/stm32g0xx_hal_cortex.o
 .debug_frame   0x00001630      0x1f0 ./Drivers/STM32G0xx_HAL_Driver/Src/stm32g0xx_hal_dma.o
 .debug_frame   0x00001820      0x7d0 ./Drivers/STM32G0xx_HAL_Driver/Src/stm32g0xx_hal_fdcan.o
 .debug_frame   0x00001ff0      0x130 ./Drivers/STM32G0xx_HAL_Driver/Src/stm32g0xx_hal_gpio.o
 .debug_frame   0x00002120      0x3f4 ./Drivers/STM32G0xx_HAL_Driver/Src/stm32g0xx_hal_pwr_ex.o
 .debug_frame   0x00002514      0x214 ./Drivers/STM32G0xx_HAL_Driver/Src/stm32g0xx_hal_rcc.o
 .debug_frame   0x00002728      0x1c0 ./Drivers/STM32G0xx_HAL_Driver/Src/stm32g0xx_hal_rcc_ex.o
 .debug_frame   0x000028e8      0x710 ./Drivers/STM32G0xx_HAL_Driver/Src/stm32g0xx_hal_spi.o
 .debug_frame   0x00002ff8      0xf40 ./Drivers/STM32G0xx_HAL_Driver/Src/stm32g0xx_hal_tim.o
 .debug_frame   0x00003f38      0x620 ./Drivers/STM32G0xx_HAL_Driver/Src/stm32g0xx_hal_tim_ex.o
 .debug_frame   0x00004558       0x20 E:/CubeIDE/STM32CubeIDE_1.16.0/STM32CubeIDE/plugins/com.st.stm32cube.ide.mcu.externaltools.gnu-tools-for-stm32.12.3.rel1.win32_1.0.200.202406191623/tools/bin/../lib/gcc/arm-none-eabi/12.3.1/../../../../arm-none-eabi/lib/thumb/v6-m/nofp\libc_nano.a(libc_a-memset.o)
 .debug_frame   0x00004578       0x2c E:/CubeIDE/STM32CubeIDE_1.16.0/STM32CubeIDE/plugins/com.st.stm32cube.ide.mcu.externaltools.gnu-tools-for-stm32.12.3.rel1.win32_1.0.200.202406191623/tools/bin/../lib/gcc/arm-none-eabi/12.3.1/../../../../arm-none-eabi/lib/thumb/v6-m/nofp\libc_nano.a(libc_a-init.o)
 .debug_frame   0x000045a4       0x28 E:/CubeIDE/STM32CubeIDE_1.16.0/STM32CubeIDE/plugins/com.st.stm32cube.ide.mcu.externaltools.gnu-tools-for-stm32.12.3.rel1.win32_1.0.200.202406191623/tools/bin/../lib/gcc/arm-none-eabi/12.3.1/../../../../arm-none-eabi/lib/thumb/v6-m/nofp\libc_nano.a(libc_a-memcpy-stub.o)
 .debug_frame   0x000045cc       0x20 E:/CubeIDE/STM32CubeIDE_1.16.0/STM32CubeIDE/plugins/com.st.stm32cube.ide.mcu.externaltools.gnu-tools-for-stm32.12.3.rel1.win32_1.0.200.202406191623/tools/bin/../lib/gcc/arm-none-eabi/12.3.1/thumb/v6-m/nofp\libgcc.a(_udivsi3.o)
 .debug_frame   0x000045ec       0x28 E:/CubeIDE/STM32CubeIDE_1.16.0/STM32CubeIDE/plugins/com.st.stm32cube.ide.mcu.externaltools.gnu-tools-for-stm32.12.3.rel1.win32_1.0.200.202406191623/tools/bin/../lib/gcc/arm-none-eabi/12.3.1/thumb/v6-m/nofp\libgcc.a(_fixunssfsi.o)
 .debug_frame   0x00004614       0x38 E:/CubeIDE/STM32CubeIDE_1.16.0/STM32CubeIDE/plugins/com.st.stm32cube.ide.mcu.externaltools.gnu-tools-for-stm32.12.3.rel1.win32_1.0.200.202406191623/tools/bin/../lib/gcc/arm-none-eabi/12.3.1/thumb/v6-m/nofp\libgcc.a(addsf3.o)
 .debug_frame   0x0000464c       0x38 E:/CubeIDE/STM32CubeIDE_1.16.0/STM32CubeIDE/plugins/com.st.stm32cube.ide.mcu.externaltools.gnu-tools-for-stm32.12.3.rel1.win32_1.0.200.202406191623/tools/bin/../lib/gcc/arm-none-eabi/12.3.1/thumb/v6-m/nofp\libgcc.a(divsf3.o)
 .debug_frame   0x00004684       0x2c E:/CubeIDE/STM32CubeIDE_1.16.0/STM32CubeIDE/plugins/com.st.stm32cube.ide.mcu.externaltools.gnu-tools-for-stm32.12.3.rel1.win32_1.0.200.202406191623/tools/bin/../lib/gcc/arm-none-eabi/12.3.1/thumb/v6-m/nofp\libgcc.a(eqsf2.o)
 .debug_frame   0x000046b0       0x2c E:/CubeIDE/STM32CubeIDE_1.16.0/STM32CubeIDE/plugins/com.st.stm32cube.ide.mcu.externaltools.gnu-tools-for-stm32.12.3.rel1.win32_1.0.200.202406191623/tools/bin/../lib/gcc/arm-none-eabi/12.3.1/thumb/v6-m/nofp\libgcc.a(gesf2.o)
 .debug_frame   0x000046dc       0x2c E:/CubeIDE/STM32CubeIDE_1.16.0/STM32CubeIDE/plugins/com.st.stm32cube.ide.mcu.externaltools.gnu-tools-for-stm32.12.3.rel1.win32_1.0.200.202406191623/tools/bin/../lib/gcc/arm-none-eabi/12.3.1/thumb/v6-m/nofp\libgcc.a(lesf2.o)
 .debug_frame   0x00004708       0x38 E:/CubeIDE/STM32CubeIDE_1.16.0/STM32CubeIDE/plugins/com.st.stm32cube.ide.mcu.externaltools.gnu-tools-for-stm32.12.3.rel1.win32_1.0.200.202406191623/tools/bin/../lib/gcc/arm-none-eabi/12.3.1/thumb/v6-m/nofp\libgcc.a(mulsf3.o)
 .debug_frame   0x00004740       0x38 E:/CubeIDE/STM32CubeIDE_1.16.0/STM32CubeIDE/plugins/com.st.stm32cube.ide.mcu.externaltools.gnu-tools-for-stm32.12.3.rel1.win32_1.0.200.202406191623/tools/bin/../lib/gcc/arm-none-eabi/12.3.1/thumb/v6-m/nofp\libgcc.a(subsf3.o)
 .debug_frame   0x00004778       0x20 E:/CubeIDE/STM32CubeIDE_1.16.0/STM32CubeIDE/plugins/com.st.stm32cube.ide.mcu.externaltools.gnu-tools-for-stm32.12.3.rel1.win32_1.0.200.202406191623/tools/bin/../lib/gcc/arm-none-eabi/12.3.1/thumb/v6-m/nofp\libgcc.a(fixsfsi.o)
 .debug_frame   0x00004798       0x2c E:/CubeIDE/STM32CubeIDE_1.16.0/STM32CubeIDE/plugins/com.st.stm32cube.ide.mcu.externaltools.gnu-tools-for-stm32.12.3.rel1.win32_1.0.200.202406191623/tools/bin/../lib/gcc/arm-none-eabi/12.3.1/thumb/v6-m/nofp\libgcc.a(floatunsisf.o)

.debug_line_str
                0x00000000       0x46
 .debug_line_str
                0x00000000       0x46 ./Core/Startup/startup_stm32g0b1kbtx.o
